1
1
0
1
1
0
0
0
0
1
1
0
1
1
0
0
0
error
1
1
0
1
1
0
0
0
error
0
0
error
0
0
error
1
1
0
0
0
0
0
0
error
0
0
error
0
0
error
0
0
0
error
error
error
error
error
error
error
error
error
error
error
0
error
error
error
error
error
error
error
error
error
error
error
error
error
error
error
0
0
error
0
0
0
0
0
0
1
1
0
0
0
0
0
0
0
0
0
error
0
0
0
0
0
0
0
0
error
0
0
error
0
0
error
0
0
error
0
0
0
0
0
0
0
0
error
0
0
0
0
0
0
0
0
error
0
0
0
0
0
error
1
1
0
0
0
0
0
0
0
0
0
error
0
0
0
0
0
0
0
0
error
0
0
0
0
0
error
1
1
error
0
0
error
0
0
error
0
0
error
0
0
error
0
0
error
error
error
error
error
error
error
error
error
error
error
error
0
error
error
error
error
error
error
error
error
error
error
error
error
error
error
error
0
0
error
0
0
error
0
0
error
1
1
0
0
0
0
0
0
error
0
0
error
0
0
0
0
0
0
0
0
0
0
0
0
0
0
0
0
0
0
0
0
0
0
0
0
0
0
error
0
0
0
0
0
0
0
0
error
0
0
error
0
0
error
1
1
0
0
0
0
0
0
error
0
0
error
0
0
error
0
0
0
error
error
error
error
error
error
error
error
error
error
error
0
error
error
error
error
error
error
error
error
error
error
error
error
error
error
error
0
0
error
0
0
0
0
0
0
1
1
0
1
1
0
0
0
0
0
0
error
1
1
0
1
1
0
0
0
error
0
0
error
0
0
error
0
0
error
1
1
0
0
0
0
0
0
error
1
1
0
1
1
0
0
0
error
0
0
0
0
0
error
1
1
0
1
1
0
0
0
0
0
0
error
1
1
0
1
1
0
0
0
error
0
0
0
0
0
error
1
1
error
1
1
error
0
0
error
0
0
error
1
1
error
1
1
error
error
error
error
error
error
error
error
error
error
error
error
0
error
error
error
error
error
error
error
error
error
error
error
error
error
error
error
0
0
error
0
0
error
0
0
error
1
1
0
0
0
0
0
0
error
0
0
error
0
0
0
0
0
0
0
0
0
0
0
0
0
0
0
0
0
0
1
1
0
0
0
0
0
0
error
1
1
0
1
1
0
0
0
error
0
0
error
0
0
error
1
1
0
0
0
0
0
0
error
0
0
error
0
0
error
0
0
0
error
error
error
error
error
error
error
error
error
error
error
0
error
error
error
error
error
error
error
error
error
error
error
error
error
error
error
0
0
error
0
0
0u
0
0
0u
0
0
0u
1
1
0u
0
0
0u
0
0
error
1
1
0u
1
1
0u
0
0
error
0
0
error
0
0
error
0
0
error
1
1
0u
0
0
0u
0
0
error
1
1
0u
1
1
0u
0
0
error
1
1
0u
0
0
error
0
0
0u
1
1
0u
1
1
0u
0
0
error
1
1
0u
1
1
0u
0
0
error
0
0
0u
0
0
error
0
0
error
1
1
error
0
0
error
0
0
error
1
1
error
1
1
error
error
error
error
error
error
error
error
error
error
error
error
0u
error
error
error
error
error
error
error
error
error
error
error
error
error
error
error
0
0
error
0
0
error
0
0
error
0
0
0u
1
1
0u
0
0
error
0
0
error
1
1
0u
1
1
0u
0
0
0u
0
0
0u
0
0
0u
0
0
0u
0
0
0u
0
0
0u
0
0
error
0
0
0u
0
0
0u
0
0
error
0
0
error
0
0
error
0
0
0u
0
0
0u
0
0
error
0
0
error
0
0
error
0
0
0u
error
error
error
error
error
error
error
error
error
error
error
0u
error
error
error
error
error
error
error
error
error
error
error
error
error
error
error
0
0
error
0
0
0
0
0
0
1
1
0
1
1
0
0
0
0
0
0
error
0
0
0
1
1
0
0
0
error
0
0
error
0
0
error
0
0
error
1
1
0
0
0
0
0
0
error
0
0
0
1
1
0
0
0
error
0
0
0
0
0
error
1
1
0
1
1
0
0
0
0
0
0
error
0
0
0
1
1
0
0
0
error
0
0
0
0
0
error
1
1
error
1
1
error
0
0
error
0
0
error
0
0
error
1
1
error
error
error
error
error
error
error
error
error
error
error
error
0
error
error
error
error
error
error
error
error
error
error
error
error
error
error
error
0
0
error
0
0
error
0
0
error
1
1
0
1
1
0
0
0
error
0
0
error
0
0
0
1
1
0
0
0
0
0
0
0
0
0
0
0
0
0
1
1
0
0
0
0
0
0
error
0
0
0
1
1
0
0
0
error
0
0
error
0
0
error
1
1
0
0
0
0
0
0
error
0
0
error
0
0
error
0
0
0
error
error
error
error
error
error
error
error
error
error
error
0
error
error
error
error
error
error
error
error
error
error
error
error
error
error
error
0
0
error
0
0
0
0
0
0
1
1
0
0
0
0
0
0
0
0
0
error
0
0
0
0
0
0
0
0
error
0
0
error
0
0
error
0
0
error
0
0
0
0
0
0
0
0
error
0
0
0
0
0
0
0
0
error
0
0
0
0
0
error
1
1
0
0
0
0
0
0
0
0
0
error
0
0
0
0
0
0
0
0
error
0
0
0
0
0
error
1
1
error
0
0
error
0
0
error
0
0
error
0
0
error
0
0
error
error
error
error
error
error
error
error
error
error
error
error
0
error
error
error
error
error
error
error
error
error
error
error
error
error
error
error
0
0
error
0
0
error
0
0
error
1
1
0
0
0
0
0
0
error
0
0
error
0
0
0
0
0
0
0
0
0
0
0
0
0
0
0
0
0
0
0
0
0
0
0
0
0
0
error
0
0
0
0
0
0
0
0
error
0
0
error
0
0
error
1
1
0
0
0
0
0
0
error
0
0
error
0
0
error
0
0
0
error
error
error
error
error
error
error
error
error
error
error
0
error
error
error
error
error
error
error
error
error
error
error
error
error
error
error
1
1
0
1
1
error
1
1
error
0
0
error
1
1
error
1
1
error
1
1
0
1
1
error
1
1
error
1
1
0
1
1
0
1
1
0
1
1
0
0
0
error
1
1
error
1
1
0
0
0
error
0
0
error
1
1
0
1
1
error
1
1
0
0
0
error
0
0
error
1
1
error
1
1
0
0
0
error
0
0
error
1
1
0
0
0
error
1
1
0
0
0
0
0
0
0
0
0
0
1
1
0
0
0
0
0
0
0
error
error
0
error
error
0
error
error
0
error
error
error
error
error
0
error
error
0
error
error
0
error
error
0
error
error
0
1
1
0
1
1
0
1
1
0
0
0
error
0
0
error
1
1
0
1
1
0
0
0
error
0
0
error
1
1
error
0
0
error
0
0
error
1
1
error
0
0
error
0
0
error
1
1
0
0
0
error
0
0
error
1
1
0
1
1
0
1
1
0
0
0
error
1
1
error
1
1
0
1
1
0
1
1
0
1
1
error
error
error
0
error
error
0
error
error
0
error
error
error
error
error
0
error
error
0
error
error
0
error
error
0
error
error
0
1
1
0u
1
1
error
1
1
error
1
1
error
0
0
error
0
0
error
1
1
0u
0
0
error
0
0
error
1
1
0u
1
1
0u
1
1
0u
1
1
0u
1
1
error
1
1
error
1
1
0u
1
1
error
1
1
error
1
1
0u
1
1
error
1
1
0u
1
1
error
0
0
error
0
0
error
1
1
0u
0
0
error
0
0
error
1
1
0u
1
1
error
1
1
0u
1
1
0u
0
0
0u
0
0
0u
1
1
0u
0
0
0u
0
0
0u
error
error
0u
error
error
0u
error
error
0u
error
error
error
error
error
0u
error
error
0u
error
error
0u
error
error
0u
error
error
0u
1
1
0u
1
1
0u
1
1
0u
1
1
error
0
0
error
1
1
0u
1
1
0u
0
0
error
0
0
error
1
1
error
1
1
error
1
1
error
1
1
error
0
0
error
0
0
error
1
1
0u
0
0
error
0
0
error
1
1
0u
1
1
0u
1
1
0u
1
1
error
1
1
error
1
1
0u
1
1
0u
1
1
0u
1
1
error
error
error
0u
error
error
0u
error
error
0u
error
error
error
error
error
0u
error
error
0u
error
error
0u
error
error
0u
error
error
0u
1
1
0
0
0
error
1
1
error
0
0
error
0
0
error
0
0
error
1
1
0
0
0
error
0
0
error
1
1
0
1
1
0
1
1
0
1
1
0
0
0
error
1
1
error
1
1
0
0
0
error
0
0
error
1
1
0
1
1
error
1
1
0
0
0
error
1
1
error
1
1
error
1
1
0
1
1
error
1
1
error
1
1
0
1
1
error
1
1
0
0
0
0
0
0
0
1
1
0
1
1
0
0
0
0
0
0
0
error
error
0
error
error
0
error
error
0
error
error
error
error
error
0
error
error
0
error
error
0
error
error
0
error
error
0
1
1
0
1
1
0
1
1
0
0
0
error
0
0
error
1
1
0
1
1
0
0
0
error
0
0
error
1
1
error
0
0
error
1
1
error
1
1
error
0
0
error
0
0
error
1
1
0
0
0
error
0
0
error
1
1
0
1
1
0
1
1
0
0
0
error
1
1
error
1
1
0
1
1
0
1
1
0
1
1
error
error
error
0
error
error
0
error
error
0
error
error
error
error
error
0
error
error
0
error
error
0
error
error
0
error
error
0
1
1
0
0
0
error
1
1
error
1
1
error
1
1
error
1
1
error
1
1
0
1
1
error
1
1
error
1
1
0
1
1
0
1
1
0
1
1
0
0
0
error
1
1
error
1
1
0
0
0
error
0
0
error
1
1
0
0
0
error
1
1
0
1
1
error
1
1
error
1
1
error
1
1
0
1
1
error
1
1
error
1
1
0
1
1
error
1
1
0
0
0
0
1
1
0
1
1
0
1
1
0
1
1
0
1
1
0
error
error
0
error
error
0
error
error
0
error
error
error
error
error
0
error
error
0
error
error
0
error
error
0
error
error
0
1
1
0
0
0
0
1
1
0
0
0
error
1
1
error
1
1
0
0
0
0
1
1
error
1
1
error
0
0
error
0
0
error
0
0
error
1
1
error
0
0
error
0
0
error
1
1
0
0
0
error
0
0
error
1
1
0
1
1
0
1
1
0
0
0
error
1
1
error
1
1
0
1
1
0
1
1
0
1
1
error
error
error
0
error
error
0
error
error
0
error
error
error
error
error
0
error
error
0
error
error
0
error
error
0
error
error
0
1
1
0
1
1
error
1
1
error
0
0
error
1
1
error
1
1
error
1
1
0
1
1
error
1
1
error
1
1
0
1
1
0
1
1
0
1
1
0
1
1
error
1
1
error
1
1
0
1
1
error
1
1
error
1
1
0
1
1
error
1
1
0
0
0
error
1
1
error
1
1
error
1
1
0
1
1
error
1
1
error
1
1
0
1
1
error
1
1
0
0
0
0
1
1
0
1
1
0
1
1
0
1
1
0
1
1
0
error
error
0
error
error
0
error
error
0
error
error
error
error
error
0
error
error
0
error
error
0
error
error
0
error
error
0
1
1
0
1
1
0
1
1
0
0
0
error
1
1
error
1
1
0
1
1
0
1
1
error
1
1
error
1
1
error
1
1
error
1
1
error
1
1
error
1
1
error
1
1
error
1
1
0
1
1
error
1
1
error
1
1
0
1
1
0
1
1
0
0
0
error
1
1
error
1
1
0
1
1
0
1
1
0
1
1
error
error
error
0
error
error
0
error
error
0
error
error
error
error
error
0
error
error
0
error
error
0
error
error
0
error
error
0
1
1
0
1
1
error
1
1
error
0
0
error
0
0
error
1
1
error
1
1
0
0
0
error
0
0
error
1
1
0
1
1
0
1
1
0
1
1
0
0
0
error
1
1
error
1
1
0
0
0
error
0
0
error
1
1
0
1
1
error
1
1
0
0
0
error
0
0
error
1
1
error
1
1
0
0
0
error
0
0
error
1
1
0
1
1
error
1
1
0
0
0
0
0
0
0
1
1
0
1
1
0
0
0
0
0
0
0
error
error
0
error
error
0
error
error
0
error
error
error
error
error
0
error
error
0
error
error
0
error
error
0
error
error
0
1
1
0
1
1
0
1
1
0
0
0
error
1
1
error
1
1
0
1
1
0
1
1
error
1
1
error
1
1
error
1
1
error
1
1
error
1
1
error
0
0
error
1
1
error
1
1
0
0
0
error
0
0
error
1
1
0
1
1
0
1
1
0
0
0
error
1
1
error
1
1
0
1
1
0
1
1
0
1
1
error
error
error
0
error
error
0
error
error
0
error
error
error
error
error
0
error
error
0
error
error
0
error
error
0
error
error
0
1
1
0u
1
1
error
1
1
error
1
1
error
0
0
error
1
1
error
1
1
0u
0
0
error
0
0
error
1
1
0u
1
1
0u
1
1
0u
1
1
0u
0
0
error
1
1
error
1
1
0u
0
0
error
0
0
error
1
1
0u
0
0
error
1
1
0u
1
1
error
0
0
error
0
0
error
1
1
0u
0
0
error
0
0
error
1
1
0u
1
1
error
1
1
0u
1
1
0u
0
0
0u
1
1
0u
1
1
0u
0
0
0u
0
0
0u
error
error
0u
error
error
0u
error
error
0u
error
error
error
error
error
0u
error
error
0u
error
error
0u
error
error
0u
error
error
0u
1
1
0u
1
1
0u
1
1
0u
1
1
error
0
0
error
1
1
0u
1
1
0u
0
0
error
0
0
error
1
1
error
1
1
error
1
1
error
1
1
error
1
1
error
1
1
error
1
1
0u
1
1
error
1
1
error
1
1
0u
1
1
0u
1
1
0u
1
1
error
1
1
error
1
1
0u
1
1
0u
1
1
0u
1
1
error
error
error
0u
error
error
0u
error
error
0u
error
error
error
error
error
0u
error
error
0u
error
error
0u
error
error
0u
error
error
0u
1
1
0
1
1
error
1
1
error
0
0
error
0
0
error
1
1
error
1
1
0
1
1
error
0
0
error
1
1
0
1
1
0
1
1
0
1
1
0
0
0
error
1
1
error
1
1
0
1
1
error
0
0
error
1
1
0
1
1
error
1
1
0
0
0
error
0
0
error
1
1
error
1
1
0
1
1
error
0
0
error
1
1
0
1
1
error
1
1
0
0
0
0
0
0
0
1
1
0
1
1
0
1
1
0
0
0
0
error
error
0
error
error
0
error
error
0
error
error
error
error
error
0
error
error
0
error
error
0
error
error
0
error
error
0
1
1
0
1
1
0
1
1
0
0
0
error
0
0
error
1
1
0
1
1
0
1
1
error
0
0
error
1
1
error
1
1
error
1
1
error
1
1
error
0
0
error
1
1
error
1
1
0
1
1
error
0
0
error
1
1
0
1
1
0
1
1
0
0
0
error
1
1
error
1
1
0
1
1
0
1
1
0
1
1
error
error
error
0
error
error
0
error
error
0
error
error
error
error
error
0
error
error
0
error
error
0
error
error
0
error
error
0
1
1
0
1
1
error
1
1
error
0
0
error
1
1
error
1
1
error
1
1
0
1
1
error
1
1
error
1
1
0
1
1
0
1
1
0
1
1
0
1
1
error
1
1
error
1
1
0
1
1
error
1
1
error
1
1
0
1
1
error
1
1
0
0
0
error
1
1
error
1
1
error
1
1
0
1
1
error
1
1
error
1
1
0
1
1
error
1
1
0
0
0
0
1
1
0
1
1
0
1
1
0
1
1
0
1
1
0
error
error
0
error
error
0
error
error
0
error
error
error
error
error
0
error
error
0
error
error
0
error
error
0
error
error
0
1
1
0
1
1
0
1
1
0
0
0
error
1
1
error
1
1
0
1
1
0
1
1
error
1
1
error
1
1
error
1
1
error
1
1
error
1
1
error
1
1
error
1
1
error
1
1
0
1
1
error
1
1
error
1
1
0
1
1
0
1
1
0
0
0
error
1
1
error
1
1
0
1
1
0
1
1
0
1
1
error
error
error
0
error
error
0
error
error
0
error
error
error
error
error
0
error
error
0
error
error
0
error
error
0
error
error
0
0
0
0
0
0
0
0
0
0
1
1
0
1
1
0
0
0
0
0
0
error
0
0
0
1
1
0
0
0
error
0
0
0
0
0
error
0
0
error
1
1
0
0
0
0
0
0
error
1
1
0
1
1
0
0
0
error
0
0
0
0
0
0
1
1
0
1
1
0
1
1
0
0
0
error
1
1
0
1
1
0
0
0
error
1
1
0
0
0
error
1
1
0
1
1
error
1
1
error
0
0
error
1
1
error
1
1
error
error
error
error
error
error
error
error
error
error
error
error
0
error
error
0
error
error
error
error
error
error
error
error
error
error
error
0
0
0
error
0
0
error
0
0
error
1
1
0
1
1
0
0
0
0
0
0
error
1
1
0
1
1
0
1
1
0
1
1
0
1
1
0
0
0
0
1
1
0
1
1
0
0
0
0
1
1
0
1
1
0
0
0
error
0
0
error
0
0
error
1
1
0
1
1
0
0
0
error
0
0
error
0
0
0
1
1
0
error
error
error
error
error
error
error
error
error
error
error
0
error
error
0
error
error
error
error
error
error
error
error
error
error
error
0
0
0
0u
1
1
0u
0
0
0u
0
0
0u
1
1
0u
1
1
0u
0
0
error
1
1
0u
1
1
0u
0
0
error
0
0
0u
0
0
error
0
0
error
1
1
0u
0
0
0u
0
0
error
0
0
0u
1
1
0u
0
0
error
1
1
0u
0
0
0u
0
0
0u
1
1
0u
1
1
0u
0
0
error
1
1
0u
1
1
0u
0
0
error
1
1
0u
0
0
error
0
0
0u
1
1
error
1
1
error
0
0
error
1
1
error
1
1
error
error
error
error
error
error
error
error
error
error
error
error
0u
error
error
0u
error
error
error
error
error
error
error
error
error
error
error
0u
0
0
error
0
0
error
0
0
error
0
0
0u
1
1
0u
0
0
0u
0
0
error
1
1
0u
1
1
0u
0
0
0u
1
1
0u
0
0
0u
0
0
0u
1
1
0u
1
1
0u
0
0
0u
1
1
0u
1
1
0u
0
0
error
0
0
error
0
0
error
0
0
0u
1
1
0u
0
0
error
0
0
error
0
0
0u
1
1
0u
error
error
error
error
error
error
error
error
error
error
error
0u
error
error
0u
error
error
error
error
error
error
error
error
error
error
error
0u
0
0
0
1
1
0
1
1
0
1
1
0
1
1
0
1
1
0
0
0
error
1
1
0
1
1
0
0
0
error
0
0
0
0
0
error
0
0
error
1
1
0
0
0
0
0
0
error
1
1
0
1
1
0
0
0
error
0
0
0
0
0
0
1
1
0
1
1
0
0
0
0
0
0
error
0
0
0
1
1
0
0
0
error
0
0
0
0
0
error
1
1
0
1
1
error
0
0
error
0
0
error
1
1
error
1
1
error
error
error
error
error
error
error
error
error
error
error
error
0
error
error
0
error
error
error
error
error
error
error
error
error
error
error
0
0
0
error
0
0
error
0
0
error
1
1
0
1
1
0
0
0
0
0
0
error
1
1
0
1
1
0
0
0
0
1
1
0
1
1
0
0
0
0
1
1
0
1
1
0
0
0
0
1
1
0
1
1
0
0
0
error
0
0
error
0
0
error
1
1
0
1
1
0
0
0
error
0
0
error
0
0
0
1
1
0
error
error
error
error
error
error
error
error
error
error
error
0
error
error
0
error
error
error
error
error
error
error
error
error
error
error
0
0
0
0
1
1
0
0
0
0
1
1
0
0
0
0
0
0
0
0
0
error
0
0
0
0
0
0
0
0
error
0
0
0
0
0
error
0
0
error
1
1
0
0
0
0
0
0
error
1
1
0
1
1
0
0
0
error
1
1
0
0
0
0
1
1
0
0
0
0
0
0
0
0
0
error
0
0
0
0
0
0
0
0
error
0
0
0
0
0
error
1
1
0
1
1
error
0
0
error
0
0
error
0
0
error
1
1
error
error
error
error
error
error
error
error
error
error
error
error
0
error
error
0
error
error
error
error
error
error
error
error
error
error
error
0
0
0
error
1
1
error
0
0
error
1
1
0
0
0
0
0
0
0
1
1
error
0
0
0
0
0
0
1
1
0
1
1
0
1
1
0
1
1
0
1
1
0
1
1
0
0
0
0
1
1
0
1
1
0
0
0
error
0
0
error
0
0
error
1
1
0
1
1
0
0
0
error
0
0
error
0
0
0
1
1
0
error
error
error
error
error
error
error
error
error
error
error
0
error
error
0
error
error
error
error
error
error
error
error
error
error
error
0
0
0
0
0
0
0
0
0
0
1
1
0
1
1
0
0
0
0
0
0
error
0
0
0
1
1
0
0
0
error
0
0
0
0
0
error
0
0
error
1
1
0
0
0
0
0
0
error
0
0
0
1
1
0
0
0
error
0
0
0
0
0
0
1
1
0
1
1
0
0
0
0
0
0
error
0
0
0
1
1
0
0
0
error
0
0
0
0
0
error
1
1
0
1
1
error
0
0
error
0
0
error
0
0
error
1
1
error
error
error
error
error
error
error
error
error
error
error
error
0
error
error
0
error
error
error
error
error
error
error
error
error
error
error
0
0
0
error
0
0
error
0
0
error
1
1
0
1
1
0
0
0
0
0
0
error
0
0
0
1
1
0
0
0
0
0
0
0
0
0
0
0
0
0
1
1
0
0
0
0
0
0
0
0
0
0
1
1
0
0
0
error
0
0
error
0
0
error
1
1
0
1
1
0
0
0
error
0
0
error
0
0
0
1
1
0
error
error
error
error
error
error
error
error
error
error
error
0
error
error
0
error
error
error
error
error
error
error
error
error
error
error
0
0
0
0
0
0
0
0
0
0
1
1
0
1
1
0
1
1
0
0
0
error
1
1
0
1
1
0
0
0
error
0
0
0
0
0
error
0
0
error
1
1
0
1
1
0
0
0
error
1
1
0
1
1
0
0
0
error
0
0
0
0
0
0
1
1
0
1
1
0
1
1
0
0
0
error
1
1
0
1
1
0
0
0
error
0
0
0
0
0
error
1
1
0
1
1
error
1
1
error
0
0
error
1
1
error
1
1
error
error
error
error
error
error
error
error
error
error
error
error
0
error
error
0
error
error
error
error
error
error
error
error
error
error
error
0
0
0
error
0
0
error
0
0
error
1
1
0
1
1
0
0
0
0
0
0
error
0
0
0
1
1
0
0
0
0
0
0
0
0
0
0
0
0
0
1
1
0
1
1
0
0
0
0
1
1
0
1
1
0
0
0
error
0
0
error
0
0
error
1
1
0
1
1
0
0
0
error
0
0
error
0
0
0
1
1
0
error
error
error
error
error
error
error
error
error
error
error
0
error
error
0
error
error
error
error
error
error
error
error
error
error
error
0
0
0
0u
0
0
0u
0
0
0u
0
0
0u
1
1
0u
0
0
0u
0
0
error
1
1
0u
1
1
0u
0
0
error
0
0
0u
0
0
error
0
0
error
1
1
0u
0
0
0u
0
0
error
1
1
0u
1
1
0u
0
0
error
1
1
0u
0
0
0u
0
0
0u
1
1
0u
1
1
0u
0
0
error
1
1
0u
1
1
0u
0
0
error
0
0
0u
0
0
error
0
0
0u
1
1
error
0
0
error
0
0
error
1
1
error
1
1
error
error
error
error
error
error
error
error
error
error
error
error
0u
error
error
0u
error
error
error
error
error
error
error
error
error
error
error
0u
0
0
error
0
0
error
0
0
error
0
0
0u
1
1
0u
0
0
0u
0
0
error
1
1
0u
1
1
0u
0
0
0u
0
0
0u
0
0
0u
0
0
0u
1
1
0u
0
0
0u
0
0
0u
0
0
0u
1
1
0u
0
0
error
0
0
error
0
0
error
0
0
0u
1
1
0u
0
0
error
0
0
error
0
0
0u
1
1
0u
error
error
error
error
error
error
error
error
error
error
error
0u
error
error
0u
error
error
error
error
error
error
error
error
error
error
error
0u
0
0
0
0
0
0
0
0
0
1
1
0
1
1
0
0
0
0
0
0
error
1
1
0
1
1
0
0
0
error
0
0
0
0
0
error
0
0
error
1
1
0
0
0
0
0
0
error
1
1
0
1
1
0
0
0
error
0
0
0
0
0
0
1
1
0
1
1
0
0
0
0
0
0
error
1
1
0
1
1
0
0
0
error
0
0
0
0
0
error
1
1
0
1
1
error
0
0
error
0
0
error
1
1
error
1
1
error
error
error
error
error
error
error
error
error
error
error
error
0
error
error
0
error
error
error
error
error
error
error
error
error
error
error
0
0
0
error
0
0
error
0
0
error
1
1
0
1
1
0
0
0
0
0
0
error
1
1
0
1
1
0
0
0
0
0
0
0
0
0
0
0
0
0
1
1
0
0
0
0
0
0
0
1
1
0
1
1
0
0
0
error
0
0
error
0
0
error
1
1
0
1
1
0
0
0
error
0
0
error
0
0
0
1
1
0
error
error
error
error
error
error
error
error
error
error
error
0
error
error
0
error
error
error
error
error
error
error
error
error
error
error
0
0
0
0
0
0
0
0
0
0
1
1
0
1
1
0
0
0
0
0
0
error
0
0
0
1
1
0
0
0
error
0
0
0
0
0
error
0
0
error
1
1
0
0
0
0
0
0
error
0
0
0
1
1
0
0
0
error
0
0
0
0
0
0
1
1
0
1
1
0
0
0
0
0
0
error
0
0
0
1
1
0
0
0
error
0
0
0
0
0
error
1
1
0
1
1
error
0
0
error
0
0
error
0
0
error
1
1
error
error
error
error
error
error
error
error
error
error
error
error
0
error
error
0
error
error
error
error
error
error
error
error
error
error
error
0
0
0
error
0
0
error
0
0
error
1
1
0
1
1
0
0
0
0
0
0
error
0
0
0
1
1
0
0
0
0
0
0
0
0
0
0
0
0
0
1
1
0
0
0
0
0
0
0
0
0
0
1
1
0
0
0
error
0
0
error
0
0
error
1
1
0
1
1
0
0
0
error
0
0
error
0
0
0
1
1
0
error
error
error
error
error
error
error
error
error
error
error
0
error
error
0
error
error
error
error
error
error
error
error
error
error
error
0
0
0
0
0
0
error
0
0
error
0
0
error
1
1
error
0
0
error
0
0
error
0
0
error
1
1
error
0
0
error
0
0
0
0
0
error
0
0
error
0
0
error
0
0
error
0
0
error
0
0
error
0
0
error
0
0
error
0
0
error
0
0
0
0
0
error
0
0
error
1
1
error
0
0
error
0
0
error
0
0
error
0
0
error
0
0
error
0
0
error
0
0
0
0
0
error
0
0
error
0
0
error
0
0
error
0
0
error
error
error
error
error
error
error
error
error
error
error
error
error
error
error
0
error
error
error
error
error
error
error
error
error
error
error
0
0
0
error
0
0
error
0
0
error
0
0
error
0
0
error
0
0
0
0
0
error
0
0
error
0
0
error
1
1
error
0
0
error
0
0
error
0
0
error
0
0
error
0
0
error
0
0
0
0
0
error
0
0
error
0
0
error
0
0
error
0
0
error
0
0
error
1
1
error
0
0
error
0
0
error
0
0
0
1
1
error
error
error
error
error
error
error
error
error
error
error
error
error
error
error
0
error
error
error
error
error
error
error
error
error
error
error
0
0
0
0u
1
1
error
0
0
error
0
0
error
0
0
error
0
0
error
0
0
error
0
0
error
0
0
error
0
0
error
0
0
0u
0
0
error
0
0
error
1
1
error
0
0
error
0
0
error
0
0
error
1
1
error
0
0
error
1
1
error
0
0
0u
0
0
error
0
0
error
0
0
error
0
0
error
0
0
error
0
0
error
0
0
error
1
1
error
0
0
error
eof
