0
0
0u
0
0
error
0
0
error
0
0
error
0
0
error
0
0
error
error
error
error
error
error
error
error
error
error
error
error
error
error
error
0u
error
error
error
error
error
error
error
error
error
error
error
0u
0
0
error
0
0
error
0
0
error
0
0
error
0
0
error
0
0
0u
0
0
error
0
0
error
0
0
error
0
0
error
1
1
error
0
0
error
0
0
error
0
0
error
0
0
error
0
0
0u
0
0
error
0
0
error
0
0
error
0
0
error
0
0
error
0
0
error
1
1
error
0
0
error
0
0
error
0
0
0u
1
1
error
error
error
error
error
error
error
error
error
error
error
error
error
error
error
0u
error
error
error
error
error
error
error
error
error
error
error
0u
0
0
0
0
0
error
1
1
error
0
0
error
0
0
error
0
0
error
0
0
error
0
0
error
0
0
error
0
0
error
0
0
0
0
0
error
0
0
error
0
0
error
0
0
error
0
0
error
0
0
error
0
0
error
0
0
error
0
0
error
0
0
0
0
0
error
1
1
error
0
0
error
0
0
error
0
0
error
1
1
error
0
0
error
0
0
error
0
0
error
0
0
0
0
0
error
0
0
error
0
0
error
0
0
error
0
0
error
error
error
error
error
error
error
error
error
error
error
error
error
error
error
0
error
error
error
error
error
error
error
error
error
error
error
0
0
0
error
0
0
error
0
0
error
0
0
error
0
0
error
0
0
0
0
0
error
0
0
error
0
0
error
0
0
error
0
0
error
1
1
error
0
0
error
0
0
error
0
0
error
0
0
0
0
0
error
0
0
error
0
0
error
0
0
error
0
0
error
0
0
error
1
1
error
0
0
error
0
0
error
0
0
0
1
1
error
error
error
error
error
error
error
error
error
error
error
error
error
error
error
0
error
error
error
error
error
error
error
error
error
error
error
0
0
0
0
0
0
error
0
0
error
1
1
error
0
0
error
0
0
error
0
0
error
0
0
error
0
0
error
0
0
error
0
0
0
0
0
error
0
0
error
0
0
error
0
0
error
0
0
error
0
0
error
0
0
error
0
0
error
0
0
error
0
0
0
1
1
error
0
0
error
0
0
error
0
0
error
0
0
error
0
0
error
0
0
error
0
0
error
0
0
error
0
0
0
1
1
error
0
0
error
0
0
error
0
0
error
1
1
error
error
error
error
error
error
error
error
error
error
error
error
error
error
error
0
error
error
error
error
error
error
error
error
error
error
error
0
0
0
error
0
0
error
0
0
error
0
0
error
0
0
error
0
0
0
0
0
error
0
0
error
0
0
error
0
0
error
0
0
error
0
0
error
1
1
error
0
0
error
0
0
error
0
0
0
0
0
error
0
0
error
0
0
error
0
0
error
0
0
error
0
0
error
1
1
error
0
0
error
0
0
error
0
0
0
1
1
error
error
error
error
error
error
error
error
error
error
error
error
error
error
error
0
error
error
error
error
error
error
error
error
error
error
error
0
0
0
0
0
0
error
0
0
error
0
0
error
1
1
error
0
0
error
0
0
error
0
0
error
1
1
error
0
0
error
0
0
0
0
0
error
0
0
error
1
1
error
0
0
error
0
0
error
0
0
error
1
1
error
0
0
error
0
0
error
0
0
0
0
0
error
1
1
error
0
0
error
0
0
error
0
0
error
1
1
error
0
0
error
0
0
error
0
0
error
0
0
0
1
1
error
0
0
error
0
0
error
0
0
error
1
1
error
error
error
error
error
error
error
error
error
error
error
error
error
error
error
0
error
error
error
error
error
error
error
error
error
error
error
0
0
0
error
0
0
error
0
0
error
0
0
error
1
1
error
0
0
0
0
0
error
0
0
error
1
1
error
0
0
error
0
0
error
0
0
error
0
0
error
1
1
error
0
0
error
0
0
0
0
0
error
1
1
error
0
0
error
0
0
error
0
0
error
0
0
error
1
1
error
0
0
error
0
0
error
0
0
0
1
1
error
error
error
error
error
error
error
error
error
error
error
error
error
error
error
0
error
error
error
error
error
error
error
error
error
error
error
0
0
0
0
0
0
error
0
0
error
0
0
error
0
0
error
1
1
error
0
0
error
0
0
error
0
0
error
0
0
error
0
0
0
0
0
error
0
0
error
0
0
error
1
1
error
0
0
error
0
0
error
0
0
error
0
0
error
0
0
error
0
0
0
0
0
error
0
0
error
1
1
error
0
0
error
0
0
error
0
0
error
0
0
error
0
0
error
0
0
error
0
0
0
0
0
error
1
1
error
0
0
error
0
0
error
0
0
error
error
error
error
error
error
error
error
error
error
error
error
error
error
error
0
error
error
error
error
error
error
error
error
error
error
error
0
0
0
error
0
0
error
0
0
error
0
0
error
1
1
error
0
0
0
0
0
error
0
0
error
1
1
error
0
0
error
0
0
error
0
0
error
0
0
error
0
0
error
1
1
error
0
0
0
0
0
error
0
0
error
0
0
error
0
0
error
0
0
error
0
0
error
1
1
error
0
0
error
0
0
error
0
0
0
1
1
error
error
error
error
error
error
error
error
error
error
error
error
error
error
error
0
error
error
error
error
error
error
error
error
error
error
error
0
0
0
0u
0
0
error
0
0
error
0
0
error
0
0
error
0
0
error
0
0
error
0
0
error
0
0
error
0
0
error
0
0
0u
0
0
error
0
0
error
0
0
error
0
0
error
0
0
error
0
0
error
0
0
error
0
0
error
0
0
error
0
0
0u
0
0
error
0
0
error
0
0
error
0
0
error
0
0
error
0
0
error
0
0
error
0
0
error
0
0
error
0
0
0u
0
0
error
0
0
error
0
0
error
0
0
error
0
0
error
error
error
error
error
error
error
error
error
error
error
error
error
error
error
0u
error
error
error
error
error
error
error
error
error
error
error
0u
0
0
error
0
0
error
0
0
error
0
0
error
0
0
error
0
0
0u
0
0
error
0
0
error
0
0
error
0
0
error
0
0
error
0
0
error
0
0
error
1
1
error
0
0
error
0
0
0u
0
0
error
1
1
error
0
0
error
0
0
error
0
0
error
0
0
error
1
1
error
0
0
error
0
0
error
0
0
0u
1
1
error
error
error
error
error
error
error
error
error
error
error
error
error
error
error
0u
error
error
error
error
error
error
error
error
error
error
error
0u
0
0
0
0
0
error
0
0
error
0
0
error
0
0
error
0
0
error
0
0
error
1
1
error
0
0
error
0
0
error
0
0
0
0
0
error
0
0
error
0
0
error
0
0
error
0
0
error
1
1
error
0
0
error
0
0
error
0
0
error
0
0
0
0
0
error
0
0
error
0
0
error
0
0
error
1
1
error
0
0
error
0
0
error
0
0
error
0
0
error
0
0
0
0
0
error
0
0
error
0
0
error
1
1
error
0
0
error
error
error
error
error
error
error
error
error
error
error
error
error
error
error
0
error
error
error
error
error
error
error
error
error
error
error
0
0
0
error
0
0
error
0
0
error
0
0
error
0
0
error
0
0
0
0
0
error
1
1
error
0
0
error
0
0
error
0
0
error
0
0
error
0
0
error
0
0
error
0
0
error
0
0
0
1
1
error
0
0
error
0
0
error
0
0
error
0
0
error
0
0
error
1
1
error
0
0
error
0
0
error
0
0
0
1
1
error
error
error
error
error
error
error
error
error
error
error
error
error
error
error
0
error
error
error
error
error
error
error
error
error
error
error
0
0
0
0
0
0
error
0
0
error
0
0
error
1
1
error
0
0
error
0
0
error
0
0
error
1
1
error
0
0
error
0
0
0
0
0
error
0
0
error
1
1
error
0
0
error
0
0
error
0
0
error
1
1
error
0
0
error
0
0
error
0
0
0
0
0
error
1
1
error
0
0
error
0
0
error
0
0
error
1
1
error
0
0
error
0
0
error
0
0
error
0
0
0
1
1
error
0
0
error
0
0
error
0
0
error
1
1
error
error
error
error
error
error
error
error
error
error
error
error
error
error
error
0
error
error
error
error
error
error
error
error
error
error
error
0
0
0
error
0
0
error
0
0
error
0
0
error
1
1
error
0
0
0
0
0
error
0
0
error
1
1
error
0
0
error
0
0
error
0
0
error
0
0
error
1
1
error
0
0
error
0
0
0
0
0
error
1
1
error
0
0
error
0
0
error
0
0
error
0
0
error
1
1
error
0
0
error
0
0
error
0
0
0
1
1
error
error
error
error
error
error
error
error
error
error
error
error
error
error
error
0
error
error
error
error
error
error
error
error
error
error
error
0
1
1
error
1
1
0
1
1
0
1
1
0
0
0
0
1
1
0
1
1
0
1
1
0
0
0
0
1
1
0
1
1
error
1
1
0
1
1
0
1
1
0
1
1
0
1
1
0
1
1
0
1
1
0
1
1
0
1
1
0
1
1
error
1
1
0
1
1
0
0
0
0
1
1
0
1
1
0
1
1
0
1
1
0
1
1
0
1
1
0
1
1
error
1
1
0
1
1
0
1
1
0
1
1
0
1
1
0
error
error
0
error
error
0
error
error
0
error
error
0
error
error
error
error
error
0
error
error
0
error
error
0
error
error
error
1
1
0
1
1
0
1
1
0
1
1
0
1
1
0
1
1
error
1
1
0
1
1
0
1
1
0
0
0
0
1
1
0
1
1
0
1
1
0
1
1
0
1
1
0
1
1
error
1
1
0
1
1
0
1
1
0
1
1
0
1
1
0
1
1
0
0
0
0
1
1
0
1
1
0
1
1
error
0
0
0
error
error
0
error
error
0
error
error
0
error
error
0
error
error
error
error
error
0
error
error
0
error
error
0
error
error
error
1
1
error
0
0
0u
1
1
0u
1
1
0u
1
1
0u
1
1
0u
1
1
0u
1
1
0u
1
1
0u
1
1
0u
1
1
error
1
1
0u
1
1
0u
0
0
0u
1
1
0u
1
1
0u
1
1
0u
0
0
0u
1
1
0u
0
0
0u
1
1
error
1
1
0u
1
1
0u
1
1
0u
1
1
0u
1
1
0u
1
1
0u
1
1
0u
0
0
0u
1
1
0u
1
1
error
1
1
0u
1
1
0u
1
1
0u
1
1
0u
1
1
0u
error
error
0u
error
error
0u
error
error
0u
error
error
0u
error
error
error
error
error
0u
error
error
0u
error
error
0u
error
error
error
1
1
0u
1
1
0u
1
1
0u
1
1
0u
1
1
0u
1
1
error
1
1
0u
1
1
0u
1
1
0u
1
1
0u
0
0
0u
1
1
0u
1
1
0u
1
1
0u
1
1
0u
1
1
error
1
1
0u
1
1
0u
1
1
0u
1
1
0u
1
1
0u
1
1
0u
0
0
0u
1
1
0u
1
1
0u
1
1
error
0
0
0u
error
error
0u
error
error
0u
error
error
0u
error
error
0u
error
error
error
error
error
0u
error
error
0u
error
error
0u
error
error
error
1
1
error
1
1
0
0
0
0
1
1
0
1
1
0
1
1
0
1
1
0
1
1
0
1
1
0
1
1
0
1
1
error
1
1
0
1
1
0
1
1
0
1
1
0
1
1
0
1
1
0
1
1
0
1
1
0
1
1
0
1
1
error
1
1
0
0
0
0
1
1
0
1
1
0
1
1
0
0
0
0
1
1
0
1
1
0
1
1
0
1
1
error
1
1
0
1
1
0
1
1
0
1
1
0
1
1
0
error
error
0
error
error
0
error
error
0
error
error
0
error
error
error
error
error
0
error
error
0
error
error
0
error
error
error
1
1
0
1
1
0
1
1
0
1
1
0
1
1
0
1
1
error
1
1
0
1
1
0
1
1
0
1
1
0
1
1
0
0
0
0
1
1
0
1
1
0
1
1
0
1
1
error
1
1
0
1
1
0
1
1
0
1
1
0
1
1
0
1
1
0
0
0
0
1
1
0
1
1
0
1
1
error
0
0
0
error
error
0
error
error
0
error
error
0
error
error
0
error
error
error
error
error
0
error
error
0
error
error
0
error
error
error
1
1
error
1
1
0
1
1
0
0
0
0
1
1
0
1
1
0
1
1
0
1
1
0
1
1
0
1
1
0
1
1
error
1
1
0
1
1
0
1
1
0
1
1
0
1
1
0
1
1
0
1
1
0
1
1
0
1
1
0
1
1
error
0
0
0
1
1
0
1
1
0
1
1
0
1
1
0
1
1
0
1
1
0
1
1
0
1
1
0
1
1
error
0
0
0
1
1
0
1
1
0
1
1
0
0
0
0
error
error
0
error
error
0
error
error
0
error
error
0
error
error
error
error
error
0
error
error
0
error
error
0
error
error
error
1
1
0
1
1
0
1
1
0
1
1
0
1
1
0
1
1
error
1
1
0
1
1
0
1
1
0
1
1
0
1
1
0
1
1
0
0
0
0
1
1
0
1
1
0
1
1
error
1
1
0
1
1
0
1
1
0
1
1
0
1
1
0
1
1
0
0
0
0
1
1
0
1
1
0
1
1
error
0
0
0
error
error
0
error
error
0
error
error
0
error
error
0
error
error
error
error
error
0
error
error
0
error
error
0
error
error
error
1
1
error
1
1
0
1
1
0
1
1
0
0
0
0
1
1
0
1
1
0
1
1
0
0
0
0
1
1
0
1
1
error
1
1
0
1
1
0
0
0
0
1
1
0
1
1
0
1
1
0
0
0
0
1
1
0
1
1
0
1
1
error
1
1
0
0
0
0
1
1
0
1
1
0
1
1
0
0
0
0
1
1
0
1
1
0
1
1
0
1
1
error
0
0
0
1
1
0
1
1
0
1
1
0
0
0
0
error
error
0
error
error
0
error
error
0
error
error
0
error
error
error
error
error
0
error
error
0
error
error
0
error
error
error
1
1
0
1
1
0
1
1
0
1
1
0
0
0
0
1
1
error
1
1
0
1
1
0
0
0
0
1
1
0
1
1
0
1
1
0
1
1
0
0
0
0
1
1
0
1
1
error
1
1
0
0
0
0
1
1
0
1
1
0
1
1
0
1
1
0
0
0
0
1
1
0
1
1
0
1
1
error
0
0
0
error
error
0
error
error
0
error
error
0
error
error
0
error
error
error
error
error
0
error
error
0
error
error
0
error
error
error
1
1
error
1
1
0
1
1
0
1
1
0
1
1
0
0
0
0
1
1
0
1
1
0
1
1
0
1
1
0
1
1
error
1
1
0
1
1
0
1
1
0
0
0
0
1
1
0
1
1
0
1
1
0
1
1
0
1
1
0
1
1
error
1
1
0
1
1
0
0
0
0
1
1
0
1
1
0
1
1
0
1
1
0
1
1
0
1
1
0
1
1
error
1
1
0
0
0
0
1
1
0
1
1
0
1
1
0
error
error
0
error
error
0
error
error
0
error
error
0
error
error
error
error
error
0
error
error
0
error
error
0
error
error
error
1
1
0
1
1
0
1
1
0
1
1
0
0
0
0
1
1
error
1
1
0
1
1
0
0
0
0
1
1
0
1
1
0
1
1
0
1
1
0
1
1
0
0
0
0
1
1
error
1
1
0
1
1
0
1
1
0
1
1
0
1
1
0
1
1
0
0
0
0
1
1
0
1
1
0
1
1
error
0
0
0
error
error
0
error
error
0
error
error
0
error
error
0
error
error
error
error
error
0
error
error
0
error
error
0
error
error
error
1
1
error
1
1
0u
1
1
0u
1
1
0u
1
1
0u
1
1
0u
1
1
0u
1
1
0u
1
1
0u
1
1
0u
1
1
error
1
1
0u
1
1
0u
1
1
0u
1
1
0u
1
1
0u
1
1
0u
1
1
0u
1
1
0u
1
1
0u
1
1
error
1
1
0u
1
1
0u
1
1
0u
1
1
0u
1
1
0u
1
1
0u
1
1
0u
1
1
0u
1
1
0u
1
1
error
1
1
0u
1
1
0u
1
1
0u
1
1
0u
1
1
0u
error
error
0u
error
error
0u
error
error
0u
error
error
0u
error
error
error
error
error
0u
error
error
0u
error
error
0u
error
error
error
1
1
0u
1
1
0u
1
1
0u
1
1
0u
1
1
0u
1
1
error
1
1
0u
1
1
0u
1
1
0u
1
1
0u
1
1
0u
1
1
0u
1
1
0u
0
0
0u
1
1
0u
1
1
error
1
1
0u
0
0
0u
1
1
0u
1
1
0u
1
1
0u
1
1
0u
0
0
0u
1
1
0u
1
1
0u
1
1
error
0
0
0u
error
error
0u
error
error
0u
error
error
0u
error
error
0u
error
error
error
error
error
0u
error
error
0u
error
error
0u
error
error
error
1
1
error
1
1
0
1
1
0
1
1
0
1
1
0
1
1
0
1
1
0
0
0
0
1
1
0
1
1
0
1
1
error
1
1
0
1
1
0
1
1
0
1
1
0
1
1
0
0
0
0
1
1
0
1
1
0
1
1
0
1
1
error
1
1
0
1
1
0
1
1
0
1
1
0
0
0
0
1
1
0
1
1
0
1
1
0
1
1
0
1
1
error
1
1
0
1
1
0
1
1
0
0
0
0
1
1
0
error
error
0
error
error
0
error
error
0
error
error
0
error
error
error
error
error
0
error
error
0
error
error
0
error
error
error
1
1
0
1
1
0
1
1
0
1
1
0
1
1
0
1
1
error
1
1
0
0
0
0
1
1
0
1
1
0
1
1
0
1
1
0
1
1
0
1
1
0
1
1
0
1
1
error
0
0
0
1
1
0
1
1
0
1
1
0
1
1
0
1
1
0
0
0
0
1
1
0
1
1
0
1
1
error
0
0
0
error
error
0
error
error
0
error
error
0
error
error
0
error
error
error
error
error
0
error
error
0
error
error
0
error
error
error
1
1
error
1
1
0
1
1
0
1
1
0
0
0
0
1
1
0
1
1
0
1
1
0
0
0
0
1
1
0
1
1
error
1
1
0
1
1
0
0
0
0
1
1
0
1
1
0
1
1
0
0
0
0
1
1
0
1
1
0
1
1
error
1
1
0
0
0
0
1
1
0
1
1
0
1
1
0
0
0
0
1
1
0
1
1
0
1
1
0
1
1
error
0
0
0
1
1
0
1
1
0
1
1
0
0
0
0
error
error
0
error
error
0
error
error
0
error
error
0
error
error
error
error
error
0
error
error
0
error
error
0
error
error
error
1
1
0
1
1
0
1
1
0
1
1
0
0
0
0
1
1
error
1
1
0
1
1
0
0
0
0
1
1
0
1
1
0
1
1
0
1
1
0
0
0
0
1
1
0
1
1
error
1
1
0
0
0
0
1
1
0
1
1
0
1
1
0
1
1
0
0
0
0
1
1
0
1
1
0
1
1
error
0
0
0
error
error
0
error
error
0
error
error
0
error
error
0
error
error
error
error
error
0
error
error
0
error
error
0
error
error
error
0
0
0
0u
0u
1u
0
0
1
0
0
1
0
0
error
0
0
0
0u
0u
8u
0
0
0
0
0
error
9u
9u
1u
24u
24u
25u
8u
8u
1u
24u
24u
25u
0u
0u
error
1u
1u
41u
1u
1u
1u
1u
1u
error
0u
0u
error
1
1
1
96u
96u
1u
32
32
97
96
96
225
0
0
error
97
97
9
1u
1u
137u
1
1
error
0
0
error
9
9
1
124u
124u
25u
40
40
225
124
124
125
0
0
error
97
97
41
5u
5u
521u
1
1
error
0
0
error
error
error
error
error
error
error
error
error
error
error
error
error
error
error
error
error
error
error
error
error
error
error
error
error
error
error
error
0
0
0
36u
36u
41u
32
32
9
36
36
41
0
0
error
32
32
36
4u
4u
0u
0
0
0
0
0
error
521u
521u
8u
8u
8u
1u
8u
8u
137u
520u
520u
521u
0u
0u
error
1u
1u
0u
513u
513u
521u
1u
1u
0u
0u
0u
error
0
0
0
0u
0u
error
0
0
error
0
0
error
0
0
error
0
0
0
0u
0u
0u
0
0
0
0
0
error
error
error
error
error
error
error
error
error
error
error
error
error
error
error
error
error
error
error
error
error
error
error
error
error
error
error
error
8u
8u
124u
124u
124u
4u
40u
40u
4u
124u
124u
124u
0u
0u
error
96u
96u
0u
4u
4u
124u
0u
0u
0u
0u
0u
error
0u
0u
4u
0u
0u
0u
0u
0u
4u
0u
0u
0u
0u
0u
error
0u
0u
28u
0u
0u
0u
0u
0u
error
0u
0u
error
8u
8u
4u
124u
124u
4u
40u
40u
124u
124u
124u
124u
0u
0u
error
96u
96u
28u
4u
4u
124u
0u
0u
error
0u
0u
error
8u
8u
124u
124u
124u
0u
40u
40u
124u
124u
124u
124u
0u
0u
error
96u
96u
28u
4u
4u
124u
0u
0u
error
0u
0u
error
error
error
error
error
error
error
error
error
error
error
error
error
error
error
error
error
error
error
error
error
error
error
error
error
error
error
error
9u
9u
0u
24u
24u
28u
8u
8u
28u
24u
24u
28u
0u
0u
error
1u
1u
27u
1u
1u
0u
1u
1u
0u
0u
0u
error
8u
8u
124u
124u
124u
0u
40u
40u
124u
124u
124u
124u
0u
0u
error
96u
96u
0u
4u
4u
124u
0u
0u
0u
0u
0u
error
0u
0u
0u
0u
0u
error
0u
0u
error
0u
0u
error
0u
0u
error
0u
0u
0u
0u
0u
0u
0u
0u
0u
0u
0u
error
error
error
error
error
error
error
error
error
error
error
error
error
error
error
error
error
error
error
error
error
error
error
error
error
error
error
error
8
8
424
40u
40u
0u
424
424
0
296
296
424
0
0
error
32
32
0
384u
384u
424u
0
0
0
0
0
error
0u
0u
0u
52u
52u
52u
32u
32u
24u
52u
52u
52u
0u
0u
error
32u
32u
40u
4u
4u
0u
0u
0u
error
0u
0u
error
0
0
0
0u
0u
24u
0
0
0
0
0
128
0
0
error
0
0
8
0u
0u
40u
0
0
error
0
0
error
8
8
424
28u
28u
52u
8
8
128
28
28
28
0
0
error
0
0
40
4u
4u
424u
0
0
error
0
0
error
error
error
error
error
error
error
error
error
error
error
error
error
error
error
error
error
error
error
error
error
error
error
error
error
error
error
error
0
0
0
36u
36u
40u
32
32
8
36
36
40
0
0
error
32
32
36
4u
4u
0u
0
0
0
0
0
error
8u
8u
424u
40u
40u
0u
424u
424u
40u
296u
296u
424u
0u
0u
error
32u
32u
0u
384u
384u
424u
0u
0u
0u
0u
0u
error
0
0
0
0u
0u
error
0
0
error
0
0
error
0
0
error
0
0
0
0u
0u
0u
0
0
0
0
0
error
error
error
error
error
error
error
error
error
error
error
error
error
error
error
error
error
error
error
error
error
error
error
error
error
error
error
error
520
520
-132
124u
124u
4u
296
296
-4
-132
-132
-132
0
0
error
96
96
0
18446744073709551364u
18446744073709551364u
379u
0
0
0
0
0
error
8u
8u
4u
8u
8u
8u
8u
8u
4u
8u
8u
8u
0u
0u
error
0u
0u
28u
0u
0u
0u
0u
0u
error
0u
0u
error
520
520
-4
124u
124u
4u
296
296
-132
-132
-132
-132
0
0
error
96
96
-4
18446744073709551364u
18446744073709551364u
124u
0
0
error
0
0
error
0
0
-132
0u
0u
8u
0
0
-132
0
0
0
0
0
error
0
0
-36
0u
0u
120u
0
0
error
0
0
error
error
error
error
error
error
error
error
error
error
error
error
error
error
error
error
error
error
error
error
error
error
error
error
error
error
error
error
521
521
0
92u
92u
28u
392
392
-4
-164
-164
-36
0
0
error
65
65
-35
18446744073709551493u
18446744073709551493u
0u
1
1
0
0
0
error
520u
520u
379u
124u
124u
0u
296u
296u
124u
18446744073709551484u
18446744073709551484u
120u
0u
0u
error
96u
96u
0u
18446744073709551364u
18446744073709551364u
18446744073709551484u
0u
0u
0u
0u
0u
error
0
0
0
0u
0u
error
0
0
error
0
0
error
0
0
error
0
0
0
0u
0u
0u
0
0
0
0
0
error
error
error
error
error
error
error
error
error
error
error
error
error
error
error
error
error
error
error
error
error
error
error
error
error
error
error
error
0
0
0
0u
0u
0u
0
0
0
0
0
0
0
0
error
0
0
0
0u
0u
0u
0
0
0
0
0
error
0u
0u
0u
0u
0u
0u
0u
0u
0u
0u
0u
0u
0u
0u
error
0u
0u
0u
0u
0u
0u
0u
0u
error
0u
0u
error
0
0
0
0u
0u
0u
0
0
0
0
0
0
0
0
error
0
0
0
0u
0u
0u
0
0
error
0
0
error
0
0
0
0u
0u
0u
0
0
0
0
0
0
0
0
error
0
0
0
0u
0u
0u
0
0
error
0
0
error
error
error
error
error
error
error
error
error
error
error
error
error
error
error
error
error
error
error
error
error
error
error
error
error
error
error
error
0
0
0
0u
0u
0u
0
0
0
0
0
0
0
0
error
0
0
0
0u
0u
0u
0
0
0
0
0
error
0u
0u
0u
0u
0u
0u
0u
0u
0u
0u
0u
0u
0u
0u
error
0u
0u
0u
0u
0u
0u
0u
0u
0u
0u
0u
error
0
0
0
0u
0u
error
0
0
error
0
0
error
0
0
error
0
0
0
0u
0u
0u
0
0
0
0
0
error
error
error
error
error
error
error
error
error
error
error
error
error
error
error
error
error
error
error
error
error
error
error
error
error
error
error
error
1
1
97
96u
96u
1u
32
32
1
96
96
97
0
0
error
97
97
0
1u
1u
97u
1
1
0
0
0
error
1u
1u
1u
96u
96u
97u
32u
32u
17u
96u
96u
97u
0u
0u
error
97u
97u
1u
1u
1u
1u
1u
1u
error
0u
0u
error
1
1
1
96u
96u
17u
32
32
97
96
96
97
0
0
error
97
97
1
1u
1u
97u
1
1
error
0
0
error
1
1
97
96u
96u
97u
32
32
97
96
96
97
0
0
error
97
97
1
1u
1u
97u
1
1
error
0
0
error
error
error
error
error
error
error
error
error
error
error
error
error
error
error
error
error
error
error
error
error
error
error
error
error
error
error
error
0
0
0
0u
0u
1u
0
0
1
0
0
1
0
0
error
0
0
0
0u
0u
0u
0
0
0
0
0
error
1u
1u
97u
96u
96u
1u
32u
32u
97u
96u
96u
97u
0u
0u
error
97u
97u
0u
1u
1u
97u
1u
1u
0u
0u
0u
error
0
0
0
0u
0u
error
0
0
error
0
0
error
0
0
error
0
0
0
0u
0u
0u
0
0
0
0
0
error
error
error
error
error
error
error
error
error
error
error
error
error
error
error
error
error
error
error
error
error
error
error
error
error
error
error
error
0u
0u
20u
20u
20u
5u
0u
0u
5u
20u
20u
413u
0u
0u
error
0u
0u
0u
4u
4u
388u
0u
0u
0u
0u
0u
error
1u
1u
5u
16u
16u
17u
0u
0u
13u
16u
16u
17u
0u
0u
error
1u
1u
37u
1u
1u
1u
1u
1u
error
0u
0u
error
9u
9u
5u
28u
28u
13u
136u
136u
157u
28u
28u
37u
0u
0u
error
1u
1u
5u
133u
133u
133u
1u
1u
error
0u
0u
error
9u
9u
413u
8u
8u
17u
8u
8u
37u
8u
8u
9u
0u
0u
error
1u
1u
37u
1u
1u
129u
1u
1u
error
0u
0u
error
error
error
error
error
error
error
error
error
error
error
error
error
error
error
error
error
error
error
error
error
error
error
error
error
error
error
error
1u
1u
0u
32u
32u
37u
32u
32u
5u
32u
32u
37u
0u
0u
error
33u
33u
35u
1u
1u
0u
1u
1u
0u
0u
0u
error
0u
0u
388u
0u
0u
1u
0u
0u
133u
0u
0u
129u
0u
0u
error
0u
0u
0u
0u
0u
0u
0u
0u
0u
0u
0u
error
0u
0u
0u
0u
0u
error
0u
0u
error
0u
0u
error
0u
0u
error
0u
0u
0u
0u
0u
0u
0u
0u
0u
0u
0u
error
error
error
error
error
error
error
error
error
error
error
error
error
error
error
error
error
error
error
error
error
error
error
error
error
error
error
error
1
1
1
0u
0u
1u
0
0
1
0
0
1
0
0
error
1
1
0
1u
1u
1u
1
1
0
0
0
error
1u
1u
1u
0u
0u
1u
0u
0u
1u
0u
0u
1u
0u
0u
error
1u
1u
1u
1u
1u
1u
1u
1u
error
0u
0u
error
1
1
1
0u
0u
1u
0
0
1
0
0
1
0
0
error
1
1
1
1u
1u
1u
1
1
error
0
0
error
1
1
1
0u
0u
1u
0
0
1
0
0
1
0
0
error
1
1
1
1u
1u
1u
1
1
error
0
0
error
error
error
error
error
error
error
error
error
error
error
error
error
error
error
error
error
error
error
error
error
error
error
error
error
error
error
error
1
1
0
0u
0u
1u
0
0
1
0
0
1
0
0
error
1
1
1
1u
1u
0u
1
1
0
0
0
error
1u
1u
1u
0u
0u
1u
0u
0u
1u
0u
0u
1u
0u
0u
error
1u
1u
0u
1u
1u
1u
1u
1u
0u
0u
0u
error
0
0
0
0u
0u
error
0
0
error
0
0
error
0
0
error
0
0
0
0u
0u
0u
0
0
0
0
0
error
error
error
error
error
error
error
error
error
error
error
error
error
error
error
error
error
error
error
error
error
error
error
error
error
error
error
error
0
0
0
0u
0u
0u
0
0
0
0
0
0
0
0
error
eof
