error
error
error
error
error
error
0
0
0
error
error
error
error
error
error
0
0
0
0
0
0
error
error
error
error
error
error
error
error
error
error
error
error
32
32
32
error
error
error
error
error
error
128
64
128
32
32
32
error
error
error
error
error
error
error
error
error
error
error
error
384u
384u
384u
error
error
error
error
error
error
264u
768u
264u
384u
384u
384u
error
error
error
error
error
error
error
error
error
error
error
error
0
0
0
error
error
error
error
error
error
0
0
0
0
0
0
error
error
error
error
error
error
error
error
error
error
error
error
0
0
0
error
error
error
error
error
error
0
0
0
0
0
0
error
error
error
error
error
error
error
error
error
error
error
error
520
520
520
error
error
error
error
error
error
1040
1040
1040
520
520
520
error
error
error
error
error
error
error
error
error
error
error
error
124u
124u
124u
error
error
error
error
error
error
120u
248u
120u
124u
124u
124u
error
error
error
error
error
error
error
error
error
error
error
error
296
296
296
error
error
error
error
error
error
848
592
848
296
296
296
error
error
error
error
error
error
error
error
error
error
error
error
-132
-132
-132
error
error
error
error
error
error
-392
-264
-392
-132
-132
-132
error
error
error
error
error
error
error
error
error
error
error
error
0
0
0
error
error
error
error
error
error
0
0
0
0
0
0
error
error
error
error
error
error
error
error
error
error
error
error
96
96
96
error
error
error
error
error
error
64
192
64
96
96
96
error
error
error
error
error
error
error
error
error
error
error
error
18446744073709551364u
18446744073709551364u
18446744073709551364u
error
error
error
error
error
error
18446744073709551368u
18446744073709551112u
18446744073709551368u
18446744073709551364u
18446744073709551364u
18446744073709551364u
error
error
error
error
error
error
error
error
error
error
error
error
0
0
0
error
error
error
error
error
error
0
0
0
0
0
0
error
error
error
error
error
error
error
error
error
error
error
error
0
0
0
error
error
error
error
error
error
0
0
0
0
0
0
error
error
error
error
error
error
error
error
error
error
error
error
0
0
0
error
error
error
error
error
error
0
0
0
0
0
0
error
error
error
error
error
error
error
error
error
error
error
error
0u
0u
0u
error
error
error
error
error
error
0u
0u
0u
0u
0u
0u
error
error
error
error
error
error
error
error
error
error
error
error
0
0
0
error
error
error
error
error
error
0
0
0
0
0
0
error
error
error
error
error
error
error
error
error
error
error
error
0
0
0
error
error
error
error
error
error
0
0
0
0
0
0
error
error
error
error
error
error
error
error
error
error
error
error
0
0
0
error
error
error
error
error
error
0
0
0
0
0
0
error
error
error
error
error
error
error
error
error
error
error
error
0
0
0
error
error
error
error
error
error
0
0
0
0
0
0
error
error
error
error
error
error
error
error
error
error
error
error
0u
0u
0u
error
error
error
error
error
error
0u
0u
0u
0u
0u
0u
error
error
error
error
error
error
error
error
error
error
error
error
0
0
0
error
error
error
error
error
error
0
0
0
0
0
0
error
error
error
error
error
error
error
error
error
error
error
error
0
0
0
error
error
error
error
error
error
0
0
0
0
0
0
error
error
error
error
error
error
error
error
error
error
error
error
1
1
1
error
error
error
error
error
error
0
2
0
1
1
1
error
error
error
error
error
error
error
error
error
error
error
error
96u
96u
96u
error
error
error
error
error
error
96u
192u
96u
96u
96u
96u
error
error
error
error
error
error
error
error
error
error
error
error
32
32
32
error
error
error
error
error
error
64
64
64
32
32
32
error
error
error
error
error
error
error
error
error
error
error
error
96
96
96
error
error
error
error
error
error
96
192
96
96
96
96
error
error
error
error
error
error
error
error
error
error
error
error
0
0
0
error
error
error
error
error
error
0
0
0
0
0
0
error
error
error
error
error
error
error
error
error
error
error
error
97
97
97
error
error
error
error
error
error
64
194
64
97
97
97
error
error
error
error
error
error
error
error
error
error
error
error
1u
1u
1u
error
error
error
error
error
error
0u
2u
0u
1u
1u
1u
error
error
error
error
error
error
error
error
error
error
error
error
1
1
1
error
error
error
error
error
error
0
2
0
1
1
1
error
error
error
error
error
error
error
error
error
error
error
error
0
0
0
error
error
error
error
error
error
0
0
0
0
0
0
error
error
error
error
error
error
error
error
error
error
error
error
513u
513u
513u
error
error
error
error
error
error
1024u
1026u
1024u
513u
513u
513u
error
error
error
error
error
error
error
error
error
error
error
error
4u
4u
4u
error
error
error
error
error
error
128u
8u
128u
4u
4u
4u
error
error
error
error
error
error
error
error
error
error
error
error
384u
384u
384u
error
error
error
error
error
error
768u
768u
768u
384u
384u
384u
error
error
error
error
error
error
error
error
error
error
error
error
18446744073709551364u
18446744073709551364u
18446744073709551364u
error
error
error
error
error
error
18446744073709551232u
18446744073709551112u
18446744073709551232u
18446744073709551364u
18446744073709551364u
18446744073709551364u
error
error
error
error
error
error
error
error
error
error
error
error
0u
0u
0u
error
error
error
error
error
error
0u
0u
0u
0u
0u
0u
error
error
error
error
error
error
error
error
error
error
error
error
1u
1u
1u
error
error
error
error
error
error
128u
2u
128u
1u
1u
1u
error
error
error
error
error
error
error
error
error
error
error
error
18446744073709551493u
18446744073709551493u
18446744073709551493u
error
error
error
error
error
error
18446744073709551360u
18446744073709551370u
18446744073709551360u
18446744073709551493u
18446744073709551493u
18446744073709551493u
error
error
error
error
error
error
error
error
error
error
error
error
1u
1u
1u
error
error
error
error
error
error
0u
2u
0u
1u
1u
1u
error
error
error
error
error
error
error
error
error
error
error
error
0u
0u
0u
error
error
error
error
error
error
0u
0u
0u
0u
0u
0u
error
error
error
error
error
error
error
error
error
error
error
error
1
1
1
error
error
error
error
error
error
0
2
0
1
1
1
error
error
error
error
error
error
error
error
error
error
error
error
0u
0u
0u
error
error
error
error
error
error
0u
0u
0u
0u
0u
0u
error
error
error
error
error
error
error
error
error
error
error
error
0
0
0
error
error
error
error
error
error
0
0
0
0
0
0
error
error
error
error
error
error
error
error
error
error
error
error
0
0
0
error
error
error
error
error
error
0
0
0
0
0
0
error
error
error
error
error
error
error
error
error
error
error
error
0
0
0
error
error
error
error
error
error
0
0
0
0
0
0
error
error
error
error
error
error
error
error
error
error
error
error
1
1
1
error
error
error
error
error
error
0
2
0
1
1
1
error
error
error
error
error
error
error
error
error
error
error
error
1u
1u
1u
error
error
error
error
error
error
0u
2u
0u
1u
1u
1u
error
error
error
error
error
error
error
error
error
error
error
error
1
1
1
error
error
error
error
error
error
0
2
0
1
1
1
error
error
error
error
error
error
error
error
error
error
error
error
0
0
0
error
error
error
error
error
error
0
0
0
0
0
0
error
error
error
error
error
error
error
error
error
error
error
error
0
0
0
error
error
error
error
error
error
0
0
0
0
0
0
error
error
error
error
error
error
error
error
error
error
error
error
0u
0u
0u
error
error
error
error
error
error
0u
0u
0u
0u
0u
0u
error
error
error
error
error
error
error
error
error
error
error
error
0
0
0
error
error
error
error
error
error
0
0
0
0
0
0
error
error
error
error
error
error
error
error
error
error
error
error
0
0
0
error
error
error
error
error
error
0
0
0
0
0
0
error
error
error
error
error
error
error
error
error
error
error
error
0
0
0
error
error
error
error
error
error
0
0
0
0
0
0
error
error
error
error
error
error
error
error
error
error
error
error
0
0
0
error
error
error
error
error
error
0
0
0
0
0
0
error
error
error
error
error
error
error
error
error
error
error
error
0u
0u
0u
error
error
error
error
error
error
0u
0u
0u
0u
0u
0u
error
error
error
error
error
error
error
error
error
error
error
error
0
0
0
error
error
error
error
error
error
0
0
0
0
0
0
error
error
error
error
error
error
error
error
error
error
error
error
0
0
0
error
error
error
error
error
error
0
0
0
0
0
0
error
error
error
error
error
error
error
error
error
error
error
error
521
521
521
error
error
error
error
error
error
0
260
0
521
521
521
error
error
error
error
error
error
error
error
error
error
error
error
8u
8u
8u
error
error
error
error
error
error
8u
4u
8u
8u
8u
8u
error
error
error
error
error
error
error
error
error
error
error
error
8
8
8
error
error
error
error
error
error
0
4
0
8
8
8
error
error
error
error
error
error
error
error
error
error
error
error
520
520
520
error
error
error
error
error
error
520
260
520
520
520
520
error
error
error
error
error
error
error
error
error
error
error
error
0
0
0
error
error
error
error
error
error
0
0
0
0
0
0
error
error
error
error
error
error
error
error
error
error
error
error
1
1
1
error
error
error
error
error
error
0
0
0
1
1
1
error
error
error
error
error
error
error
error
error
error
error
error
513u
513u
513u
error
error
error
error
error
error
512u
256u
512u
513u
513u
513u
error
error
error
error
error
error
error
error
error
error
error
error
1
1
1
error
error
error
error
error
error
0
0
0
1
1
1
error
error
error
error
error
error
error
error
error
error
error
error
0
0
0
error
error
error
error
error
error
0
0
0
0
0
0
error
error
error
error
error
error
error
error
error
error
error
error
8u
8u
8u
error
error
error
error
error
error
4u
4u
4u
8u
8u
8u
error
error
error
error
error
error
error
error
error
error
error
error
124u
124u
124u
error
error
error
error
error
error
60u
62u
60u
124u
124u
124u
error
error
error
error
error
error
error
error
error
error
error
error
40u
40u
40u
error
error
error
error
error
error
84u
20u
84u
40u
40u
40u
error
error
error
error
error
error
error
error
error
error
error
error
124u
124u
124u
error
error
error
error
error
error
60u
62u
60u
124u
124u
124u
error
error
error
error
error
error
error
error
error
error
error
error
0u
0u
0u
error
error
error
error
error
error
0u
0u
0u
0u
0u
0u
error
error
error
error
error
error
error
error
error
error
error
error
96u
96u
96u
error
error
error
error
error
error
48u
48u
48u
96u
96u
96u
error
error
error
error
error
error
error
error
error
error
error
error
4u
4u
4u
error
error
error
error
error
error
64u
2u
64u
4u
4u
4u
error
error
error
error
error
error
error
error
error
error
error
error
0u
0u
0u
error
error
error
error
error
error
0u
0u
0u
0u
0u
0u
error
error
error
error
error
error
error
error
error
error
error
error
0u
0u
0u
error
error
error
error
error
error
0u
0u
0u
0u
0u
0u
error
error
error
error
error
error
error
error
error
error
error
error
8
8
8
error
error
error
error
error
error
256
4
256
8
8
8
error
error
error
error
error
error
error
error
error
error
error
error
40u
40u
40u
error
error
error
error
error
error
40u
20u
40u
40u
40u
40u
error
error
error
error
error
error
error
error
error
error
error
error
424
424
424
error
error
error
error
error
error
128
212
128
424
424
424
error
error
error
error
error
error
error
error
error
error
error
error
296
296
296
error
error
error
error
error
error
424
148
424
296
296
296
error
error
error
error
error
error
error
error
error
error
error
error
0
0
0
error
error
error
error
error
error
0
0
0
0
0
0
error
error
error
error
error
error
error
error
error
error
error
error
32
32
32
error
error
error
error
error
error
32
16
32
32
32
32
error
error
error
error
error
error
error
error
error
error
error
error
384u
384u
384u
error
error
error
error
error
error
384u
192u
384u
384u
384u
384u
error
error
error
error
error
error
error
error
error
error
error
error
0
0
0
error
error
error
error
error
error
0
0
0
0
0
0
error
error
error
error
error
error
error
error
error
error
error
error
0
0
0
error
error
error
error
error
error
0
0
0
0
0
0
error
error
error
error
error
error
error
error
error
error
error
error
520
520
520
error
error
error
error
error
error
260
260
260
520
520
520
error
error
error
error
error
error
error
error
error
error
error
error
124u
124u
124u
error
error
error
error
error
error
60u
62u
60u
124u
124u
124u
error
error
error
error
error
error
error
error
error
error
error
error
296
296
296
error
error
error
error
error
error
84
148
84
296
296
296
error
error
error
error
error
error
error
error
error
error
error
error
-132
-132
-132
error
error
error
error
error
error
-196
-66
-196
-132
-132
-132
error
error
error
error
error
error
error
error
error
error
error
error
0
0
0
error
error
error
error
error
error
0
0
0
0
0
0
error
error
error
error
error
error
error
error
error
error
error
error
96
96
96
error
error
error
error
error
error
48
48
48
96
96
96
error
error
error
error
error
error
error
error
error
error
error
error
18446744073709551364u
18446744073709551364u
18446744073709551364u
error
error
error
error
error
error
9223372036854775616u
9223372036854775682u
9223372036854775616u
18446744073709551364u
18446744073709551364u
18446744073709551364u
error
error
error
error
error
error
error
error
error
error
error
error
0
0
0
error
error
error
error
error
error
0
0
0
0
0
0
error
error
error
error
error
error
error
error
error
error
error
error
0
0
0
error
error
error
error
error
error
0
0
0
0
0
0
error
error
error
error
error
error
error
error
error
error
error
error
0
0
0
error
error
error
error
error
error
0
0
0
0
0
0
error
error
error
error
error
error
error
error
error
error
error
error
0u
0u
0u
error
error
error
error
error
error
0u
0u
0u
0u
0u
0u
error
error
error
error
error
error
error
error
error
error
error
error
0
0
0
error
error
error
error
error
error
0
0
0
0
0
0
error
error
error
error
error
error
error
error
error
error
error
error
0
0
0
error
error
error
error
error
error
0
0
0
0
0
0
error
error
error
error
error
error
error
error
error
error
error
error
0
0
0
error
error
error
error
error
error
0
0
0
0
0
0
error
error
error
error
error
error
error
error
error
error
error
error
0
0
0
error
error
error
error
error
error
0
0
0
0
0
0
error
error
error
error
error
error
error
error
error
error
error
error
0u
0u
0u
error
error
error
error
error
error
0u
0u
0u
0u
0u
0u
error
error
error
error
error
error
error
error
error
error
error
error
0
0
0
error
error
error
error
error
error
0
0
0
0
0
0
error
error
error
error
error
error
error
error
error
error
error
error
0
0
0
error
error
error
error
error
error
0
0
0
0
0
0
error
error
error
error
error
error
error
error
error
error
error
error
1
1
1
error
error
error
error
error
error
0
0
0
1
1
1
error
error
error
error
error
error
error
error
error
error
error
error
96u
96u
96u
error
error
error
error
error
error
32u
48u
32u
96u
96u
96u
error
error
error
error
error
error
error
error
error
error
error
error
32
32
32
error
error
error
error
error
error
64
16
64
32
32
32
error
error
error
error
error
error
error
error
error
error
error
error
96
96
96
error
error
error
error
error
error
32
48
32
96
96
96
error
error
error
error
error
error
error
error
error
error
error
error
0
0
0
error
error
error
error
error
error
0
0
0
0
0
0
error
error
error
error
error
error
error
error
error
error
error
error
97
97
97
error
error
error
error
error
error
32
48
32
97
97
97
error
error
error
error
error
error
error
error
error
error
error
error
1u
1u
1u
error
error
error
error
error
error
64u
0u
64u
1u
1u
1u
error
error
error
error
error
error
error
error
error
error
error
error
1
1
1
error
error
error
error
error
error
0
0
0
1
1
1
error
error
error
error
error
error
error
error
error
error
error
error
0
0
0
error
error
error
error
error
error
0
0
0
0
0
0
error
error
error
error
error
error
error
error
error
error
error
error
513u
513u
513u
error
error
error
error
error
error
260u
256u
260u
513u
513u
513u
error
error
error
error
error
error
error
error
error
error
error
error
4u
4u
4u
error
error
error
error
error
error
4u
2u
4u
4u
4u
4u
error
error
error
error
error
error
error
error
error
error
error
error
384u
384u
384u
error
error
error
error
error
error
132u
192u
132u
384u
384u
384u
error
error
error
error
error
error
error
error
error
error
error
error
18446744073709551364u
18446744073709551364u
18446744073709551364u
error
error
error
error
error
error
18446744073709551492u
9223372036854775682u
18446744073709551492u
18446744073709551364u
18446744073709551364u
18446744073709551364u
error
error
error
error
error
error
error
error
error
error
error
error
0u
0u
0u
error
error
error
error
error
error
0u
0u
0u
0u
0u
0u
error
error
error
error
error
error
error
error
error
error
error
error
1u
1u
1u
error
error
error
error
error
error
0u
0u
0u
1u
1u
1u
error
error
error
error
error
error
error
error
error
error
error
error
18446744073709551493u
18446744073709551493u
18446744073709551493u
error
error
error
error
error
error
9223372036854775680u
9223372036854775746u
9223372036854775680u
18446744073709551493u
18446744073709551493u
18446744073709551493u
error
error
error
error
error
error
error
error
error
error
error
error
1u
1u
1u
error
error
error
error
error
error
0u
0u
0u
1u
1u
1u
error
error
error
error
error
error
error
error
error
error
error
error
0u
0u
0u
error
error
error
error
error
error
0u
0u
0u
0u
0u
0u
error
error
error
error
error
error
error
error
error
error
error
error
1
1
1
error
error
error
error
error
error
0
0
0
1
1
1
error
error
error
error
error
error
error
error
error
error
error
error
0u
0u
0u
error
error
error
error
error
error
0u
0u
0u
0u
0u
0u
error
error
error
error
error
error
error
error
error
error
error
error
0
0
0
error
error
error
error
error
error
0
0
0
0
0
0
error
error
error
error
error
error
error
error
error
error
error
error
0
0
0
error
error
error
error
error
error
0
0
0
0
0
0
error
error
error
error
error
error
error
error
error
error
error
error
0
0
0
error
error
error
error
error
error
0
0
0
0
0
0
error
error
error
error
error
error
error
error
error
error
error
error
1
1
1
error
error
error
error
error
error
0
0
0
1
1
1
error
error
error
error
error
error
error
error
error
error
error
error
1u
1u
1u
error
error
error
error
error
error
0u
0u
0u
1u
1u
1u
error
error
error
error
error
error
error
error
error
error
error
error
1
1
1
error
error
error
error
error
error
0
0
0
1
1
1
error
error
error
error
error
error
error
error
error
error
error
error
0
0
0
error
error
error
error
error
error
0
0
0
0
0
0
error
error
error
error
error
error
error
error
error
error
error
error
0
0
0
error
error
error
error
error
error
0
0
0
0
0
0
error
error
error
error
error
error
error
error
error
error
error
error
0u
0u
0u
error
error
error
error
error
error
0u
0u
0u
0u
0u
0u
error
error
error
error
error
error
error
error
error
error
error
error
0
0
0
error
error
error
error
error
error
0
0
0
0
0
0
error
error
error
error
error
error
error
error
error
error
error
error
0
0
0
error
error
error
error
error
error
0
0
0
0
0
0
error
error
error
error
error
error
error
error
error
error
error
error
0
0
0
error
error
error
error
error
error
0
0
0
0
0
0
error
error
error
error
error
error
error
error
error
error
error
error
0
0
0
error
error
error
error
error
error
0
0
0
0
0
0
error
error
error
error
error
error
error
error
error
error
error
error
0u
0u
0u
error
error
error
error
error
error
0u
0u
0u
0u
0u
0u
error
error
error
error
error
error
error
error
error
error
error
error
0
0
0
error
error
error
error
error
error
0
0
0
0
0
0
error
error
error
error
error
error
error
error
error
error
error
error
0
0
0
error
error
error
error
error
error
0
0
0
0
0
0
0
0
0
0
0
0
0
0
0
0
0
0
0
0
0
0
0
0
1
1
1
0
0
0
0
0
0
1
1
1
0
1
0
1
1
1
1
1
1
0
0
0
0
1
0
1
1
1
0
0
0
0
0
0
1
1
1
0
1
0
0
1
0
0
0
0
0
0
0
0
1
0
1
1
1
0
0
0
0
0
0
1
1
1
0
0
0
1
0
1
0
0
0
1
0
1
1
0
1
1
1
1
1
0
1
1
0
1
1
1
1
1
1
1
1
1
1
0
0
0
0
0
0
1
1
1
1
1
1
1
1
1
0
0
0
1
1
1
1
1
1
1
1
1
0
0
0
0
0
0
0
1
0
1
1
1
0
0
0
0
0
0
0
1
0
0
0
0
0
0
0
0
1
0
0
0
0
0
0
0
0
1
0
0
0
0
0
0
0
1
1
1
1
1
1
1
1
1
0
0
0
0
0
0
1
1
1
1
1
1
0
0
0
0
0
0
1
1
1
1
1
1
1
1
1
0
0
0
0
0
0
1
1
1
1
1
1
1
1
1
0
0
0
0u
1
0u
0u
1
0u
0u
1
0u
0u
1
0u
0u
0
0u
0u
1
0u
0u
1
0u
0u
0
0u
0u
0
0u
0u
1
0u
0u
0
0u
0u
1
0u
0u
1
0u
0u
0
0u
0u
0
0u
0u
1
0u
0u
0
0u
0u
0
0u
0u
1
0u
0u
1
0u
0u
1
0u
0u
1
0u
0u
0
0u
0u
1
0u
0u
1
0u
0u
0
0u
0u
0
0u
0u
1
0u
0u
0
0u
0u
1
0u
0u
1
0u
0u
0
0u
0u
0
0u
0u
1
0u
0u
0
0u
0u
0
0u
0u
1
0u
0u
1
0u
0u
1
0u
0u
1
0u
0u
0
0u
0u
1
0u
0u
1
0u
0u
1
0u
0u
0
0u
0u
1
0u
0u
1
0u
0u
1
0u
0u
1
0u
0u
0
0u
0u
1
0u
0u
1
0u
0u
0
0u
0u
0
0u
0u
1
0u
0u
1
0u
0u
1
0u
0u
1
0u
0u
0
0u
0u
1
0u
0u
1
0u
0u
0
0u
0u
0
0u
0u
1
0u
0u
1
0u
0u
1
0u
0u
1
0u
0u
0
0u
0u
1
0u
0u
1
0u
0u
1
0u
0u
0
0u
0u
1
0u
0u
1
0u
0u
1
0u
0u
1
0u
0u
0
0u
0u
1
0u
0u
1
0u
0u
1
0u
0u
0
0u
0
1
0
0
1
0
0
1
0
0
0
0
0
0
0
0
1
0
0
1
0
0
0
0
0
0
0
0
1
0
0
1
0
0
1
0
0
1
0
0
0
0
0
1
0
0
1
0
0
0
0
0
0
0
0
1
0
0
0
0
0
0
0
0
0
0
0
0
0
0
0
0
0
1
0
0
0
0
0
0
0
0
1
0
0
0
0
0
1
0
0
0
0
0
0
0
0
0
0
0
1
0
0
0
0
0
0
0
0
1
0
0
1
0
0
1
0
0
0
0
0
0
0
0
1
0
0
1
0
0
1
0
0
0
0
0
1
0
0
1
0
0
1
0
0
0
0
0
0
0
0
1
0
0
1
0
0
0
0
0
0
0
0
1
0
0
0
0
0
1
0
0
1
0
0
0
0
0
0
0
0
1
0
0
0
0
0
0
0
0
1
0
0
1
0
0
1
0
0
0
0
0
0
0
0
1
0
0
1
0
0
1
0
0
0
0
0
1
0
0
1
0
0
1
0
0
0
0
0
0
0
0
1
0
0
1
0
0
1
0
0
0
0
0
1
0
0
0
0
0
0
0
0
0
0
0
0
0
0
0
0
0
1
0
0
0
0
0
0
0
0
1
0
0
0
0
0
1
0
0
1
0
0
0
0
0
0
0
0
1
0
0
0
0
0
0
0
0
1
0
0
0
0
0
1
0
0
0
0
0
0
0
0
0
0
0
1
0
0
0
0
0
0
0
0
1
0
0
0
0
0
1
0
0
0
0
0
1
0
0
1
0
0
1
0
0
1
0
0
1
0
0
1
0
0
1
0
0
1
0
0
0
0
0
0
0
0
1
0
0
1
0
0
1
0
0
0
0
0
1
0
0
1
0
0
1
0
0
0
0
0
0
0
0
1
0
0
1
0
0
0
0
0
0
0
0
0
0
0
0
0
0
0
0
0
1
0
0
0
0
0
0
0
0
1
0
0
0
0
0
0
0
0
1
0
0
1
0
0
1
0
0
0
0
0
0
0
0
1
0
0
1
0
0
1
0
0
0
0
0
1
0
0
1
0
0
1
0
0
0
0
0
0
0
0
1
0
0
1
0
0
1
0
0
0
0
0
1
0
0
1
0
0
1
0
0
0
0
0
0
0
0
1
0
0
1
0
0
1
0
0
0
0
0
1
0
0
1
0
0
1
0
0
1
0
0
0
0
0
1
0
0
1
0
0
1
0
0
0
0
0
1
0
0
1
0
0
1
0
0
0
0
0
0
0
0
1
0
0
1
0
0
1
0
0
0
0
0
1
0
0
1
0
0
1
0
0
0
0
0
0
0
0
1
0
0
1
0
0
1
0
0
0
0
0
1
0
0
1
0
0
1
0
0
0
0
0
0
0
0
1
0
0
1
0
0
1
0
0
0
0
0
1
0
0
1
0
0
1
0
0
0
0
0
0
0
0
1
0
0
1
0
0
1
0
0
0
0
0
1
0
0
1
0
0
1
0
0
1
0
0
0
0
0
1
0
0
1
0
0
1
0
0
0
0
0
1
0
0
1
0
0
1
0
0
0
0
0
0
0
0
1
0
0
1
0
0
1
0
0
0
0
0
1
0
0
1
0
0
1
0
0
0
0
0
0
0
0
1
0
0
1
0
0
1
0
0
0
0
0
1
0
0
1
0
0
1
0
0
0
0
0
0
0
0
1
0
1
1
1
0
0
0
0
0
0
1
1
1
0
1
0
1
1
1
1
1
1
0
0
0
0
1
0
1
1
1
0
0
0
0
0
0
1
1
1
0
1
0
0
1
0
0
0
0
0
0
0
0
1
0
1
1
1
0
0
0
0
0
0
1
1
1
0
1
0
1
1
1
0
0
0
1
0
1
1
1
1
1
1
1
1
0
1
1
0
1
1
1
1
1
1
1
1
1
1
0
0
0
0
0
0
1
1
1
1
1
1
1
1
1
0
0
0
1
1
1
1
1
1
1
1
1
0
0
0
0
0
0
0
0
0
1
1
1
0
0
0
0
0
0
0
1
0
0
1
0
0
1
0
0
1
0
0
0
0
0
1
0
0
1
0
0
0
0
0
0
0
1
1
1
1
1
1
1
1
1
0
0
0
0
0
0
1
1
1
1
1
1
0
0
0
0
0
0
1
1
1
1
1
1
1
1
1
0
0
0
0
0
0
1
1
1
1
1
1
1
1
1
0
0
0
0u
1
0u
0u
0
0u
0u
0
0u
0u
1
0u
0u
0
0u
0u
0
0u
1u
1
1u
0u
0
0u
0u
0
0u
1u
1
1u
0u
1
0u
1u
1
1u
1u
1
1u
0u
0
0u
0u
1
0u
1u
1
1u
0u
0
0u
0u
0
0u
1u
1
1u
0u
0
0u
0u
1
0u
0u
1
0u
0u
0
0u
0u
0
0u
1u
1
1u
0u
0
0u
0u
0
0u
1u
0
1u
0u
0
0u
1u
0
1u
0u
1
0u
1u
0
1u
1u
0
1u
1u
1
1u
1u
0
1u
1u
0
1u
1u
1
1u
1u
1
1u
1u
1
1u
0u
1
0u
0u
0
0u
1u
1
1u
1u
1
1u
1u
1
1u
0u
0
0u
1u
1
1u
1u
1
1u
1u
1
1u
0u
1
0u
0u
0
0u
0u
1
0u
1u
1
1u
0u
0
0u
0u
0
0u
0u
0
0u
0u
0
0u
0u
0
0u
0u
0
0u
0u
0
0u
0u
0
0u
0u
0
0u
0u
0
0u
0u
0
0u
1u
1
1u
1u
1
1u
1u
1
1u
0u
1
0u
0u
0
0u
1u
1
1u
1u
1
1u
0u
0
0u
0u
0
0u
1u
1
1u
1u
1
1u
1u
1
1u
0u
1
0u
0u
0
0u
1u
1
1u
1u
1
1u
1u
1
1u
0u
0
0u
0
1
0
0
1
0
0
1
0
0
0
0
0
0
0
0
1
0
1
1
1
0
0
0
0
0
0
1
1
1
0
1
0
1
1
1
1
1
1
0
0
0
0
1
0
1
1
1
0
1
0
0
0
0
1
1
1
0
1
0
0
1
0
0
0
0
0
0
0
0
1
0
1
1
1
0
1
0
0
0
0
1
1
1
0
1
0
1
1
1
0
0
0
1
0
1
1
1
1
1
1
1
1
1
1
1
0
1
1
1
1
1
1
1
1
1
1
0
0
0
0
0
0
1
1
1
1
1
1
1
1
1
0
0
0
1
1
1
1
1
1
1
1
1
0
0
0
0
0
0
0
1
0
1
1
1
0
0
0
0
0
0
0
1
0
0
1
0
0
1
0
0
1
0
0
0
0
0
1
0
0
1
0
0
0
0
0
0
0
1
1
1
1
1
1
1
1
1
0
0
0
0
0
0
1
1
1
1
1
1
0
0
0
0
0
0
1
1
1
1
1
1
1
1
1
0
0
0
0
0
0
1
1
1
1
1
1
1
1
1
0
0
0
0
1
0
0
1
0
0
1
0
0
0
0
0
0
0
0
1
0
0
1
0
0
1
0
0
0
0
0
1
0
0
1
0
0
1
0
0
1
0
0
0
0
0
1
0
0
1
0
0
1
0
0
0
0
0
1
0
0
1
0
0
1
0
0
0
0
0
0
0
0
1
0
0
1
0
0
1
0
0
0
0
0
1
0
0
1
0
0
1
0
0
0
0
0
0
0
0
1
0
0
1
0
0
1
0
0
0
0
0
1
0
0
1
0
0
1
0
0
0
0
0
0
0
0
1
0
0
1
0
0
1
0
0
0
0
0
1
0
0
1
0
0
1
0
0
0
0
0
0
0
0
1
0
0
1
0
0
1
0
0
0
0
0
1
0
0
1
0
0
1
0
0
1
0
0
0
0
0
1
0
0
1
0
0
1
0
0
0
0
0
1
0
0
1
0
0
1
0
0
0
0
0
0
0
0
1
0
0
1
0
0
1
0
0
0
0
0
1
0
0
1
0
0
1
0
0
0
0
0
0
0
0
1
0
0
1
0
0
1
0
0
0
0
0
0
0
1
1
1
1
1
1
1
1
1
1
1
1
1
1
1
0
0
0
1
1
1
1
1
1
0
0
0
0
0
0
0
0
0
0
0
0
eof
