1
133
1
1
1
1
1
-96
1
1
124u
1
1
0
1
1
1
1
0
-521
0
1
18446744073709551492u
1
0
-424
0
1
132
1
0
0
0
0
-97
0
1
123u
1
0
-1
0
0
0
0
0
-520
0
1
18446744073709551493u
1
0
-423
0
1
133
1
1
1
1
0
-96
0
1
124u
1
0
0
0
1
1
1
0
-520
0
1
18446744073709551493u
1
0
-423
0
1
133
1
1
1
1
1
-96
1
1
124u
1
1
0
1
1
1
1
1
-520
1
1
18446744073709551493u
1
1
-423
1
1
133
1
1
1
1
1
-96
1
1
124u
1
1
0
1
1
1
1
0
-520
0
1
18446744073709551493u
1
0
-423
0
1
133
1
1
1
1
0
-96
0
1
124u
1
1
0
1
1
1
1
0
-520
0
1
18446744073709551493u
1
0
-423
0
1
133
1
1
1
1
0
-96
0
1
124u
1
0
0
0
1
1
1
error
error
error
error
error
error
error
error
error
error
error
error
1
1
1
error
error
error
error
error
error
1
2
1
1
1
1
error
error
error
error
error
error
error
error
error
error
error
error
0
0
0
error
error
error
error
error
error
0
0
0
0
0
0
error
error
error
error
error
error
error
error
error
error
error
error
0
0
0
error
error
error
error
error
error
1
0
1
0
0
0
error
error
error
error
error
error
error
error
error
error
error
error
0
0
0
error
error
error
error
error
error
0
0
0
0
0
0
error
error
error
error
error
error
error
error
error
error
error
error
0
0
0
error
error
error
error
error
error
0
0
0
0
0
0
error
error
error
error
error
error
error
error
error
error
error
error
0
0
0
error
error
error
error
error
error
0
0
0
0
0
0
error
error
error
error
error
error
error
error
error
error
error
error
1
1
1
error
error
error
error
error
error
1
2
1
1
1
1
error
error
error
error
error
error
error
error
error
error
error
error
0
0
0
error
error
error
error
error
error
0
0
0
0
0
0
error
error
error
error
error
error
error
error
error
error
error
error
0
0
0
error
error
error
error
error
error
0
0
0
0
0
0
error
error
error
error
error
error
error
error
error
error
error
error
1
1
1
error
error
error
error
error
error
1
2
1
1
1
1
error
error
error
error
error
error
error
error
error
error
error
error
1
1
1
error
error
error
error
error
error
1
2
1
1
1
1
error
error
error
error
error
error
error
error
error
error
error
error
1
1
1
error
error
error
error
error
error
1
2
1
1
1
1
error
error
error
error
error
error
error
error
error
error
error
error
1
1
1
error
error
error
error
error
error
1
2
1
1
1
1
error
error
error
error
error
error
error
error
error
error
error
error
0
0
0
error
error
error
error
error
error
0
0
0
0
0
0
error
error
error
error
error
error
error
error
error
error
error
error
0
0
0
error
error
error
error
error
error
1
0
1
0
0
0
error
error
error
error
error
error
error
error
error
error
error
error
1
1
1
error
error
error
error
error
error
1
2
1
1
1
1
error
error
error
error
error
error
error
error
error
error
error
error
0
0
0
error
error
error
error
error
error
0
0
0
0
0
0
error
error
error
error
error
error
error
error
error
error
error
error
0
0
0
error
error
error
error
error
error
0
0
0
0
0
0
error
error
error
error
error
error
error
error
error
error
error
error
1
1
1
error
error
error
error
error
error
1
2
1
1
1
1
error
error
error
error
error
error
error
error
error
error
error
error
0
0
0
error
error
error
error
error
error
0
0
0
0
0
0
error
error
error
error
error
error
error
error
error
error
error
error
1
1
1
error
error
error
error
error
error
1
2
1
1
1
1
error
error
error
error
error
error
error
error
error
error
error
error
0
0
0
error
error
error
error
error
error
0
0
0
0
0
0
error
error
error
error
error
error
error
error
error
error
error
error
0
0
0
error
error
error
error
error
error
0
0
0
0
0
0
error
error
error
error
error
error
error
error
error
error
error
error
0
0
0
error
error
error
error
error
error
0
0
0
0
0
0
error
error
error
error
error
error
error
error
error
error
error
error
1
1
1
error
error
error
error
error
error
1
2
1
1
1
1
error
error
error
error
error
error
error
error
error
error
error
error
0
0
0
error
error
error
error
error
error
0
0
0
0
0
0
error
error
error
error
error
error
error
error
error
error
error
error
0
0
0
error
error
error
error
error
error
0
0
0
0
0
0
error
error
error
error
error
error
error
error
error
error
error
error
1
1
1
error
error
error
error
error
error
1
2
1
1
1
1
error
error
error
error
error
error
error
error
error
error
error
error
0
0
0
error
error
error
error
error
error
0
0
0
0
0
0
error
error
error
error
error
error
error
error
error
error
error
error
1
1
1
error
error
error
error
error
error
1
2
1
1
1
1
error
error
error
error
error
error
error
error
error
error
error
error
1
1
1
error
error
error
error
error
error
0
2
0
1
1
1
error
error
error
error
error
error
error
error
error
error
error
error
1
1
1
error
error
error
error
error
error
1
2
1
1
1
1
error
error
error
error
error
error
error
error
error
error
error
error
1
1
1
error
error
error
error
error
error
1
2
1
1
1
1
error
error
error
error
error
error
error
error
error
error
error
error
1
1
1
error
error
error
error
error
error
0
2
0
1
1
1
error
error
error
error
error
error
error
error
error
error
error
error
1
1
1
error
error
error
error
error
error
1
2
1
1
1
1
error
error
error
error
error
error
error
error
error
error
error
error
1
1
1
error
error
error
error
error
error
1
2
1
1
1
1
error
error
error
error
error
error
error
error
error
error
error
error
1
1
1
error
error
error
error
error
error
1
2
1
1
1
1
error
error
error
error
error
error
error
error
error
error
error
error
1
1
1
error
error
error
error
error
error
1
2
1
1
1
1
error
error
error
error
error
error
error
error
error
error
error
error
1
1
1
error
error
error
error
error
error
1
2
1
1
1
1
error
error
error
error
error
error
error
error
error
error
error
error
0
0
0
error
error
error
error
error
error
0
0
0
0
0
0
error
error
error
error
error
error
error
error
error
error
error
error
1
1
1
error
error
error
error
error
error
1
2
1
1
1
1
error
error
error
error
error
error
error
error
error
error
error
error
1
1
1
error
error
error
error
error
error
1
2
1
1
1
1
error
error
error
error
error
error
error
error
error
error
error
error
1
1
1
error
error
error
error
error
error
1
2
1
1
1
1
error
error
error
error
error
error
error
error
error
error
error
error
1
1
1
error
error
error
error
error
error
1
2
1
1
1
1
error
error
error
error
error
error
error
error
error
error
error
error
1
1
1
error
error
error
error
error
error
1
2
1
1
1
1
error
error
error
error
error
error
error
error
error
error
error
error
1
1
1
error
error
error
error
error
error
1
2
1
1
1
1
error
error
error
error
error
error
error
error
error
error
error
error
1
1
1
error
error
error
error
error
error
1
2
1
1
1
1
error
error
error
error
error
error
error
error
error
error
error
error
1
1
1
error
error
error
error
error
error
1
2
1
1
1
1
error
error
error
error
error
error
error
error
error
error
error
error
0
0
0
error
error
error
error
error
error
0
0
0
0
0
0
error
error
error
error
error
error
error
error
error
error
error
error
0
0
0
error
error
error
error
error
error
0
0
0
0
0
0
error
error
error
error
error
error
error
error
error
error
error
error
1
1
1
error
error
error
error
error
error
1
2
1
1
1
1
error
error
error
error
error
error
error
error
error
error
error
error
1
1
1
error
error
error
error
error
error
1
2
1
1
1
1
error
error
error
error
error
error
error
error
error
error
error
error
0
0
0
error
error
error
error
error
error
0
0
0
0
0
0
error
error
error
error
error
error
error
error
error
error
error
error
0
0
0
error
error
error
error
error
error
0
0
0
0
0
0
error
error
error
error
error
error
error
error
error
error
error
error
0
0
0
error
error
error
error
error
error
0
0
0
0
0
0
error
error
error
error
error
error
error
error
error
error
error
error
0
0
0
error
error
error
error
error
error
0
0
0
0
0
0
error
error
error
error
error
error
error
error
error
error
error
error
0
0
0
error
error
error
error
error
error
0
0
0
0
0
0
error
error
error
error
error
error
error
error
error
error
error
error
0
0
0
error
error
error
error
error
error
0
0
0
0
0
0
error
error
error
error
error
error
error
error
error
error
error
error
0
0
0
error
error
error
error
error
error
0
0
0
0
0
0
error
error
error
error
error
error
error
error
error
error
error
error
0
0
0
error
error
error
error
error
error
0
0
0
0
0
0
error
error
error
error
error
error
error
error
error
error
error
error
1
1
1
error
error
error
error
error
error
0
2
0
1
1
1
error
error
error
error
error
error
error
error
error
error
error
error
0
0
0
error
error
error
error
error
error
0
0
0
0
0
0
error
error
error
error
error
error
error
error
error
error
error
error
0
0
0
error
error
error
error
error
error
0
0
0
0
0
0
error
error
error
error
error
error
error
error
error
error
error
error
1
1
1
error
error
error
error
error
error
1
2
1
1
1
1
error
error
error
error
error
error
error
error
error
error
error
error
1
1
1
error
error
error
error
error
error
1
2
1
1
1
1
error
error
error
error
error
error
error
error
error
error
error
error
1
1
1
error
error
error
error
error
error
1
2
1
1
1
1
error
error
error
error
error
error
error
error
error
error
error
error
0
0
0
error
error
error
error
error
error
0
0
0
0
0
0
error
error
error
error
error
error
error
error
error
error
error
error
0
0
0
error
error
error
error
error
error
0
0
0
0
0
0
error
error
error
error
error
error
error
error
error
error
error
error
1
1
1
error
error
error
error
error
error
1
2
1
1
1
1
error
error
error
error
error
error
error
error
error
error
error
error
1
1
1
error
error
error
error
error
error
1
2
1
1
1
1
error
error
error
error
error
error
error
error
error
error
error
error
1
1
1
error
error
error
error
error
error
1
2
1
1
1
1
error
error
error
error
error
error
error
error
error
error
error
error
0
0
0
error
error
error
error
error
error
0
0
0
0
0
0
error
error
error
error
error
error
error
error
error
error
error
error
1
1
1
error
error
error
error
error
error
1
2
1
1
1
1
error
error
error
error
error
error
error
error
error
error
error
error
1
1
1
error
error
error
error
error
error
1
2
1
1
1
1
error
error
error
error
error
error
error
error
error
error
error
error
1
1
1
error
error
error
error
error
error
1
2
1
1
1
1
error
error
error
error
error
error
error
error
error
error
error
error
0
0
0
error
error
error
error
error
error
0
0
0
0
0
0
error
error
error
error
error
error
error
error
error
error
error
error
1
1
1
error
error
error
error
error
error
1
2
1
1
1
1
error
error
error
error
error
error
error
error
error
error
error
error
1
1
1
error
error
error
error
error
error
1
2
1
1
1
1
error
error
error
error
error
error
error
error
error
error
error
error
1
1
1
error
error
error
error
error
error
1
2
1
1
1
1
error
error
error
error
error
error
error
error
error
error
error
error
1
1
1
error
error
error
error
error
error
1
2
1
1
1
1
error
error
error
error
error
error
error
error
error
error
error
error
1
1
1
error
error
error
error
error
error
1
2
1
1
1
1
error
error
error
error
error
error
error
error
error
error
error
error
1
1
1
error
error
error
error
error
error
0
0
0
1
1
1
error
error
error
error
error
error
error
error
error
error
error
error
0
0
0
error
error
error
error
error
error
0
0
0
0
0
0
error
error
error
error
error
error
error
error
error
error
error
error
0
0
0
error
error
error
error
error
error
0
0
0
0
0
0
error
error
error
error
error
error
error
error
error
error
error
error
0
0
0
error
error
error
error
error
error
0
0
0
0
0
0
error
error
error
error
error
error
error
error
error
error
error
error
0
0
0
error
error
error
error
error
error
0
0
0
0
0
0
error
error
error
error
error
error
error
error
error
error
error
error
0
0
0
error
error
error
error
error
error
0
0
0
0
0
0
error
error
error
error
error
error
error
error
error
error
error
error
1
1
1
error
error
error
error
error
error
1
0
1
1
1
1
error
error
error
error
error
error
error
error
error
error
error
error
0
0
0
error
error
error
error
error
error
0
0
0
0
0
0
error
error
error
error
error
error
error
error
error
error
error
error
0
0
0
error
error
error
error
error
error
0
0
0
0
0
0
error
error
error
error
error
error
error
error
error
error
error
error
1
1
1
error
error
error
error
error
error
1
0
1
1
1
1
error
error
error
error
error
error
error
error
error
error
error
error
1
1
1
error
error
error
error
error
error
0
0
0
1
1
1
error
error
error
error
error
error
error
error
error
error
error
error
1
1
1
error
error
error
error
error
error
1
0
1
1
1
1
error
error
error
error
error
error
error
error
error
error
error
error
1
1
1
error
error
error
error
error
error
1
0
1
1
1
1
error
error
error
error
error
error
error
error
error
error
error
error
0
0
0
error
error
error
error
error
error
0
0
0
0
0
0
error
error
error
error
error
error
error
error
error
error
error
error
0
0
0
error
error
error
error
error
error
0
0
0
0
0
0
error
error
error
error
error
error
error
error
error
error
error
error
1
1
1
error
error
error
error
error
error
1
0
1
1
1
1
error
error
error
error
error
error
error
error
error
error
error
error
0
0
0
error
error
error
error
error
error
0
0
0
0
0
0
error
error
error
error
error
error
error
error
error
error
error
error
0
0
0
error
error
error
error
error
error
0
0
0
0
0
0
error
error
error
error
error
error
error
error
error
error
error
error
1
1
1
error
error
error
error
error
error
0
0
0
1
1
1
error
error
error
error
error
error
error
error
error
error
error
error
0
0
0
error
error
error
error
error
error
0
0
0
0
0
0
error
error
error
error
error
error
error
error
error
error
error
error
1
1
1
error
error
error
error
error
error
0
0
0
1
1
1
error
error
error
error
error
error
error
error
error
error
error
error
0
0
0
error
error
error
error
error
error
0
0
0
0
0
0
error
error
error
error
error
error
error
error
error
error
error
error
0
0
0
error
error
error
error
error
error
0
0
0
0
0
0
error
error
error
error
error
error
error
error
error
error
error
error
0
0
0
error
error
error
error
error
error
0
0
0
0
0
0
error
error
error
error
error
error
error
error
error
error
error
error
1
1
1
error
error
error
error
error
error
1
0
1
1
1
1
error
error
error
error
error
error
error
error
error
error
error
error
0
0
0
error
error
error
error
error
error
0
0
0
0
0
0
error
error
error
error
error
error
error
error
error
error
error
error
0
0
0
error
error
error
error
error
error
0
0
0
0
0
0
error
error
error
error
error
error
error
error
error
error
error
error
1
1
1
error
error
error
error
error
error
1
0
1
1
1
1
error
error
error
error
error
error
error
error
error
error
error
error
0
0
0
error
error
error
error
error
error
0
0
0
0
0
0
error
error
error
error
error
error
error
error
error
error
error
error
1
1
1
error
error
error
error
error
error
1
0
1
1
1
1
error
error
error
error
error
error
error
error
error
error
error
error
1
1
1
error
error
error
error
error
error
1
0
1
1
1
1
error
error
error
error
error
error
error
error
error
error
error
error
1
1
1
error
error
error
error
error
error
1
0
1
1
1
1
error
error
error
error
error
error
error
error
error
error
error
error
1
1
1
error
error
error
error
error
error
1
0
1
1
1
1
error
error
error
error
error
error
error
error
error
error
error
error
1
1
1
error
error
error
error
error
error
0
0
0
1
1
1
error
error
error
error
error
error
error
error
error
error
error
error
1
1
1
error
error
error
error
error
error
1
0
1
1
1
1
error
error
error
error
error
error
error
error
error
error
error
error
1
1
1
error
error
error
error
error
error
1
0
1
1
1
1
error
error
error
error
error
error
error
error
error
error
error
error
1
1
1
error
error
error
error
error
error
1
0
1
1
1
1
error
error
error
error
error
error
error
error
error
error
error
error
1
1
1
error
error
error
error
error
error
1
0
1
1
1
1
error
error
error
error
error
error
error
error
error
error
error
error
1
1
1
error
error
error
error
error
error
1
0
1
1
1
1
error
error
error
error
error
error
error
error
error
error
error
error
0
0
0
error
error
error
error
error
error
0
0
0
0
0
0
error
error
error
error
error
error
error
error
error
error
error
error
1
1
1
error
error
error
error
error
error
1
0
1
1
1
1
error
error
error
error
error
error
error
error
error
error
error
error
1
1
1
error
error
error
error
error
error
1
0
1
1
1
1
error
error
error
error
error
error
error
error
error
error
error
error
1
1
1
error
error
error
error
error
error
1
0
1
1
1
1
error
error
error
error
error
error
error
error
error
error
error
error
1
1
1
error
error
error
error
error
error
1
0
1
1
1
1
error
error
error
error
error
error
error
error
error
error
error
error
1
1
1
error
error
error
error
error
error
1
0
1
1
1
1
error
error
error
error
error
error
error
error
error
error
error
error
1
1
1
error
error
error
error
error
error
1
0
1
1
1
1
error
error
error
error
error
error
error
error
error
error
error
error
1
1
1
error
error
error
error
error
error
0
0
0
1
1
1
error
error
error
error
error
error
error
error
error
error
error
error
1
1
1
error
error
error
error
error
error
1
0
1
1
1
1
error
error
error
error
error
error
error
error
error
error
error
error
0
0
0
error
error
error
error
error
error
0
0
0
0
0
0
error
error
error
error
error
error
error
error
error
error
error
error
0
0
0
error
error
error
error
error
error
0
0
0
0
0
0
error
error
error
error
error
error
error
error
error
error
error
error
1
1
1
error
error
error
error
error
error
0
0
0
1
1
1
error
error
error
error
error
error
error
error
error
error
error
error
1
1
1
error
error
error
error
error
error
1
0
1
1
1
1
error
error
error
error
error
error
error
error
error
error
error
error
0
0
0
error
error
error
error
error
error
0
0
0
0
0
0
error
error
error
error
error
error
error
error
error
error
error
error
0
0
0
error
error
error
error
error
error
0
0
0
0
0
0
error
error
error
error
error
error
error
error
error
error
error
error
0
0
0
error
error
error
error
error
error
0
0
0
0
0
0
error
error
error
error
error
error
error
error
error
error
error
error
0
0
0
error
error
error
error
error
error
0
0
0
0
0
0
error
error
error
error
error
error
error
error
error
error
error
error
0
0
0
error
error
error
error
error
error
0
0
0
0
0
0
error
error
error
error
error
error
error
error
error
error
error
error
0
0
0
error
error
error
error
error
error
1
0
1
0
0
0
error
error
error
error
error
error
error
error
error
error
error
error
0
0
0
error
error
error
error
error
error
0
0
0
0
0
0
error
error
error
error
error
error
error
error
error
error
error
error
0
0
0
error
error
error
error
error
error
0
0
0
0
0
0
error
error
error
error
error
error
error
error
error
error
error
error
1
1
1
error
error
error
error
error
error
0
0
0
1
1
1
error
error
error
error
error
error
error
error
error
error
error
error
0
0
0
error
error
error
error
error
error
0
0
0
0
0
0
error
error
error
error
error
error
error
error
error
error
error
error
0
0
0
error
error
error
error
error
error
0
0
0
0
0
0
error
error
error
error
error
error
error
error
error
error
error
error
1
1
1
error
error
error
error
error
error
1
0
1
1
1
1
error
error
error
error
error
error
error
error
error
error
error
error
1
1
1
error
error
error
error
error
error
1
0
1
1
1
1
error
error
error
error
error
error
error
error
error
error
error
error
1
1
1
error
error
error
error
error
error
1
0
1
1
1
1
error
error
error
error
error
error
error
error
error
error
error
error
0
0
0
error
error
error
error
error
error
0
0
0
0
0
0
error
error
error
error
error
error
error
error
error
error
error
error
0
0
0
error
error
error
error
error
error
0
0
0
0
0
0
error
error
error
error
error
error
error
error
error
error
error
error
1
1
1
error
error
error
error
error
error
1
0
1
1
1
1
error
error
error
error
error
error
error
error
error
error
error
error
1
1
1
error
error
error
error
error
error
1
0
1
1
1
1
error
error
error
error
error
error
error
error
error
error
error
error
1
1
1
error
error
error
error
error
error
0
0
0
1
1
1
error
error
error
error
error
error
error
error
error
error
error
error
0
0
0
error
error
error
error
error
error
0
0
0
0
0
0
error
error
error
error
error
error
error
error
error
error
error
error
1
1
1
error
error
error
error
error
error
1
0
1
1
1
1
error
error
error
error
error
error
error
error
error
error
error
error
1
1
1
error
error
error
error
error
error
1
0
1
1
1
1
error
error
error
error
error
error
error
error
error
error
error
error
1
1
1
error
error
error
error
error
error
1
0
1
1
1
1
error
error
error
error
error
error
error
error
error
error
error
error
0
0
0
error
error
error
error
error
error
0
0
0
0
0
0
error
error
error
error
error
error
error
error
error
error
error
error
1
1
1
error
error
error
error
error
error
1
0
1
1
1
1
error
error
error
error
error
error
error
error
error
error
error
error
1
1
1
error
error
error
error
error
error
1
0
1
1
1
1
error
error
error
error
error
error
error
error
error
error
error
error
1
1
1
error
error
error
error
error
error
1
0
1
1
1
1
error
error
error
error
error
error
error
error
error
error
error
error
1
1
1
error
error
error
error
error
error
1
0
1
1
1
1
error
error
error
error
error
error
error
error
error
error
error
error
1
1
1
error
error
error
error
error
error
1
0
1
1
1
1
1
1
0
1
1
0
1
1
0
0
0
0
0
0
0
1
1
0
1
1
0
0
0
0
0
0
0
1
1
0
1
1
0
1
1
0
0
0
0
0
0
0
1
1
0
1
1
0
1
1
0
0
0
0
1
1
0
1
1
0
1
1
0
0
0
0
0
0
0
1
1
0
1
1
0
1
1
0
0
0
0
1
1
0
1
1
0
1
1
0
0
0
0
0
0
0
1
1
0
1
1
0
1
1
0
0
0
0
1
1
0
1
1
0
1
1
0
0
0
0
0
0
0
1
1
0
1
1
0
1
1
0
0
0
0
1
1
0
1
1
0
1
1
0
0
0
0
0
0
0
1
1
0
1
1
0
1
1
0
0
0
0
1
1
0
1
1
0
1
1
0
0
0
0
0
0
0
1
1
0
1
1
0
0
0
0
0
0
0
1
1
0
1
1
0
1
1
0
0
0
0
0
0
0
1
1
0
1
1
0
1
1
0
0
0
0
1
1
0
1
1
0
1
1
0
0
0
0
0
0
0
1
1
0
1
1
0
1
1
0
0
0
0
1
1
0
1
1
0
1
1
0
0
0
0
0
0
0
1
1
0
1
1
0
0
0
0
0
0
0
1
1
0
1
1
0
1
1
0
0
0
0
0
0
0
1
1
0
1
1
0
0
0
0
0
0
0
1
1
0
1
1
0
1
1
0
0
0
0
0
0
0
1
1
0
1
1
0
0
0
0
0
0
0
1
1
0
1
1
0
1
1
0
0
0
0
0
0
0
1
1
0
1
1
0
0
0
0
0
0
0
1
1
0
1
1
0
1
1
0
0
0
0
0
0
0
1
1
0
1
1
0
1
1
0
0
0
0
1
1
0
1
1
0
1
1
0
0
0
0
0
0
0
1
1
0
1
1
0
1
1
0
0
0
0
1
1
0
1
1
0
1
1
0
0
0
0
0
0
0
1
1
0
1
1
0
0
0
0
0
0
0
1
1
0
1
1
0
1
1
0
0
0
0
0
0
0
1
1
0
1
1
0
1
1
0
0
0
0
1
1
0
1
1
0
1
1
0
0
0
0
0
0
0
1
1
0
1
1
0
1
1
0
0
0
0
1
1
0
1
1
0
1
1
0
0
0
0
0
0
0
1
1
0
1
1
0
0
0
0
0
0
0
1
1
0
1
1
0
1
1
0
0
0
0
0
0
0
1
1
0
1
1
0
1
1
0
0
0
0
1
1
0
1
1
0
1
1
0
0
0
0
0
0
0
1
1
0
1
1
0
0
0
0
0
0
0
1
1
0
1
1
0
1
1
0
0
0
0
0
0
0
1
1
0
1
1
0
1
1
0
0
0
0
1
1
0
1
1
0
1
1
0
0
0
0
0
0
0
1
1
0
1
1
0
1
1
0
0
0
0
1
1
0
1
1
0
1
1
0
0
0
0
0
0
0
1
1
0
1
1
0
1
1
0
0
0
0
1
1
0
1
1
0
1
1
0
0
0
0
0
0
0
1
1
0
1
1
0
0
0
0
0
0
0
1
1
0
1
1
0
1
1
0
0
0
0
0
0
0
1
1
0
1
1
0
1
1
0
0
0
0
1
1
0
1
1
0
1
1
0
0
0
0
0
0
0
1
1
0
1
1
0
1
1
0
0
0
0
1
1
1
1
1
1
1
1
1
0
0
1
0
0
1
1
1
1
1
1
1
0
0
1
0
0
1
1
1
1
1
1
1
1
1
1
0
0
1
0
0
1
1
1
1
1
1
1
1
1
1
0
0
1
1
1
1
1
1
1
1
1
1
0
0
1
0
0
1
1
1
1
1
1
1
0
0
1
0
0
1
1
1
1
1
1
1
1
1
1
0
0
1
0
0
1
1
1
1
1
1
1
0
0
1
0
0
1
1
1
1
1
1
1
1
1
1
0
0
1
0
0
1
1
1
1
1
1
1
0
0
1
0
0
1
1
1
1
1
1
1
1
1
1
0
0
1
0
0
1
1
1
1
1
1
1
0
0
1
0
0
1
1
1
1
1
1
1
1
1
1
0
0
1
0
0
1
1
1
1
1
1
1
0
0
1
0
0
1
1
1
1
1
1
1
1
1
1
0
0
1
0
0
1
1
1
1
1
1
1
0
0
1
0
0
1
1
1
1
1
1
1
1
1
1
0
0
1
0
0
1
1
1
1
1
1
1
0
0
1
0
0
1
1
1
1
1
1
1
1
1
1
0
0
1
0
0
1
1
1
1
1
1
1
0
0
1
0
0
1
1
1
1
1
1
1
1
1
1
0
0
1
0
0
1
1
1
1
1
1
1
0
0
1
0
0
1
1
1
1
1
1
1
1
1
1
0
0
1
0
0
1
1
1
1
1
1
1
0
0
1
0
0
1
1
1
1
1
1
1
1
1
1
0
0
1
0
0
1
1
1
1
1
1
1
1
1
1
0
0
1
1
1
1
1
1
1
1
1
1
0
0
1
0
0
1
1
1
1
1
1
1
0
0
1
0
0
1
1
1
1
1
1
1
1
1
1
0
0
1
0
0
1
1
1
1
1
1
1
0
0
1
0
0
1
1
1
1
1
1
1
1
1
1
0
0
1
0
0
1
1
1
1
1
1
1
0
0
1
0
0
1
1
1
1
1
1
1
1
1
1
0
0
1
0
0
1
1
1
1
1
1
1
0
0
1
0
0
1
1
1
1
1
1
1
1
1
1
0
0
1
0
0
1
1
1
1
1
1
1
0
0
1
0
0
1
1
1
0
1
1
0
1
1
0
0
0
0
0
0
0
1
1
0
1
1
0
0
0
0
0
0
0
1
1
0
1
1
0
1
1
0
0
0
0
0
0
0
1
1
0
1
1
0
0
0
0
0
0
0
1
1
0
1
1
0
1
1
0
0
0
0
0
0
0
1
1
0
1
1
0
0
0
0
0
0
0
1
1
0
1
1
0
1
1
0
0
0
0
0
0
0
1
1
0
1
1
0
1
1
0
0
0
0
1
1
0
1
1
0
1
1
0
0
0
0
0
0
0
1
1
0
1
1
0
1
1
0
0
0
0
1
1
0
1
1
0
1
1
0
0
0
0
0
0
0
1
1
0
1
1
0
0
0
0
0
0
0
1
1
0
1
1
0
1
1
0
0
0
0
0
0
0
1
1
0
1
1
0
0
0
0
0
0
0
1
1
0
1
1
0
1
1
0
0
0
0
0
0
0
1
1
0
1
1
0
1
1
0
0
0
0
1
1
0
1
1
0
1
1
0
0
0
0
0
0
0
eof
