error
521
error
error
301u
error
212
425
212
424
424
424
error
error
error
error
error
error
error
error
error
error
error
error
error
error
error
error
error
error
error
error
error
error
error
error
error
error
error
error
error
error
212
error
212
error
error
error
error
error
error
error
error
error
error
error
error
error
error
error
error
error
error
error
error
error
error
733
error
error
336u
error
error
636
error
error
80
error
212
212
212
error
309
error
error
89u
error
106
213
106
212
212
212
error
945
error
error
548u
error
error
848
error
error
292
error
424
424
424
error
521
error
error
301u
error
212
425
212
424
424
424
error
error
error
error
error
error
error
error
error
error
error
error
error
error
error
error
error
error
error
error
error
error
error
error
error
error
error
error
error
error
error
error
error
error
error
error
error
error
error
error
error
error
error
error
error
-66
error
-66
error
error
error
error
error
error
error
error
error
error
error
error
error
error
error
error
error
error
error
error
error
error
error
error
error
error
error
error
error
error
error
error
error
error
error
error
error
error
error
error
error
error
error
error
error
error
error
error
error
error
error
error
error
error
error
error
error
error
error
error
error
389
error
error
18446744073709551608u
error
error
292
error
error
-264
error
-132
-132
-132
error
-35
error
error
18446744073709551361u
error
-66
-131
-66
-132
-132
-132
error
error
error
error
error
error
error
error
error
error
error
error
error
error
error
error
error
error
error
error
error
error
error
error
error
error
error
error
error
error
-66
error
-66
error
error
error
error
error
error
error
error
error
error
error
error
error
error
error
error
error
error
error
error
error
error
455
error
error
58u
error
error
358
error
error
-198
error
-66
-66
-66
error
31
error
error
18446744073709551427u
error
-33
-65
-33
-66
-66
-66
error
389
error
error
18446744073709551608u
error
error
292
error
error
-264
error
-132
-132
-132
error
-35
error
error
18446744073709551361u
error
-66
-131
-66
-132
-132
-132
error
error
error
error
error
error
error
error
error
error
error
error
error
error
error
error
error
error
error
error
error
error
error
error
error
error
error
error
error
error
error
error
error
error
error
error
error
error
error
error
error
error
error
error
error
0
error
0
error
error
error
error
error
error
error
error
error
error
error
error
error
error
error
error
error
error
error
error
error
error
error
error
error
error
error
error
error
error
error
error
error
error
error
error
error
error
error
error
error
error
error
error
error
error
error
error
error
error
error
error
error
error
error
error
error
error
error
error
error
521
error
error
124u
error
error
424
error
error
-132
error
0
0
0
error
97
error
error
18446744073709551493u
error
0
1
0
0
0
0
error
error
error
error
error
error
error
error
error
error
error
error
error
error
error
error
error
error
error
error
error
error
error
error
error
error
error
error
error
error
0
error
0
error
error
error
error
error
error
error
error
error
error
error
error
error
error
error
error
error
error
error
error
error
error
521
error
error
124u
error
error
424
error
error
-132
error
0
0
0
error
97
error
error
18446744073709551493u
error
0
1
0
0
0
0
error
521
error
error
124u
error
error
424
error
error
-132
error
0
0
0
error
97
error
error
18446744073709551493u
error
0
1
0
0
0
0
error
error
error
error
error
error
error
error
error
error
error
error
error
error
error
error
error
error
error
error
error
error
error
error
error
error
error
error
error
error
error
error
error
error
error
error
error
error
error
error
error
error
error
error
error
48
error
48
error
error
error
error
error
error
error
error
error
error
error
error
error
error
error
error
error
error
error
error
error
error
error
error
error
error
error
error
error
error
error
error
error
error
error
error
error
error
error
error
error
error
error
error
error
error
error
error
error
error
error
error
error
error
error
error
error
error
error
error
error
618
error
error
221u
error
error
521
error
error
-35
error
97
97
97
error
194
error
error
18446744073709551590u
error
48
98
48
97
97
97
error
error
error
error
error
error
error
error
error
error
error
error
error
error
error
error
error
error
error
error
error
error
error
error
error
error
error
error
error
error
48
error
48
error
error
error
error
error
error
error
error
error
error
error
error
error
error
error
error
error
error
error
error
error
error
569
error
error
172u
error
error
472
error
error
-84
error
48
48
48
error
145
error
error
18446744073709551541u
error
24
49
24
48
48
48
error
618
error
error
221u
error
error
521
error
error
-35
error
97
97
97
error
194
error
error
18446744073709551590u
error
48
98
48
97
97
97
error
error
error
error
error
error
error
error
error
error
error
error
error
error
error
error
error
error
error
error
error
error
error
error
error
error
error
error
error
error
error
error
error
error
error
error
error
error
error
error
error
error
error
error
error
9223372036854775746u
error
9223372036854775746u
error
error
error
error
error
error
error
error
error
error
error
error
error
error
error
error
error
error
error
error
error
error
error
error
error
error
error
error
error
error
error
error
error
error
error
error
error
error
error
error
error
error
error
error
error
error
error
error
error
error
error
error
error
error
error
error
error
error
error
error
error
398u
error
error
1u
error
error
301u
error
error
18446744073709551361u
error
18446744073709551493u
18446744073709551493u
18446744073709551493u
error
18446744073709551590u
error
error
18446744073709551370u
error
9223372036854775746u
18446744073709551494u
9223372036854775746u
18446744073709551493u
18446744073709551493u
18446744073709551493u
error
error
error
error
error
error
error
error
error
error
error
error
error
error
error
error
error
error
error
error
error
error
error
error
error
error
error
error
error
error
9223372036854775746u
error
9223372036854775746u
error
error
error
error
error
error
error
error
error
error
error
error
error
error
error
error
error
error
error
error
error
error
9223372036854776267u
error
error
9223372036854775870u
error
error
9223372036854776170u
error
error
9223372036854775614u
error
9223372036854775746u
9223372036854775746u
9223372036854775746u
error
9223372036854775843u
error
error
9223372036854775623u
error
4611686018427387873u
9223372036854775747u
4611686018427387873u
9223372036854775746u
9223372036854775746u
9223372036854775746u
error
398u
error
error
1u
error
error
301u
error
error
18446744073709551361u
error
18446744073709551493u
18446744073709551493u
18446744073709551493u
error
18446744073709551590u
error
error
18446744073709551370u
error
9223372036854775746u
18446744073709551494u
9223372036854775746u
18446744073709551493u
18446744073709551493u
18446744073709551493u
error
error
error
error
error
error
error
error
error
error
error
error
error
error
error
error
error
error
error
error
error
error
error
error
error
error
error
error
error
error
error
error
error
error
error
error
error
error
error
error
error
error
error
error
error
0
error
0
error
error
error
error
error
error
error
error
error
error
error
error
error
error
error
error
error
error
error
error
error
error
error
error
error
error
error
error
error
error
error
error
error
error
error
error
error
error
error
error
error
error
error
error
error
error
error
error
error
error
error
error
error
error
error
error
error
error
error
error
error
522
error
error
125u
error
error
425
error
error
-131
error
1
1
1
error
98
error
error
18446744073709551494u
error
0
2
0
1
1
1
error
error
error
error
error
error
error
error
error
error
error
error
error
error
error
error
error
error
error
error
error
error
error
error
error
error
error
error
error
error
0
error
0
error
error
error
error
error
error
error
error
error
error
error
error
error
error
error
error
error
error
error
error
error
error
521
error
error
124u
error
error
424
error
error
-132
error
0
0
0
error
97
error
error
18446744073709551493u
error
0
1
0
0
0
0
error
522
error
error
125u
error
error
425
error
error
-131
error
1
1
1
error
98
error
error
18446744073709551494u
error
0
2
0
1
1
1
error
error
error
error
error
error
error
error
error
error
error
error
error
error
error
error
error
error
error
error
error
error
error
error
error
error
error
error
error
error
error
error
error
error
error
error
error
error
error
error
error
error
error
error
error
0
error
0
error
error
error
error
error
error
error
error
error
error
error
error
error
error
error
error
error
error
error
error
error
error
error
error
error
error
error
error
error
error
error
error
error
error
error
error
error
error
error
error
error
error
error
error
error
error
error
error
error
error
error
error
error
error
error
error
error
error
error
error
error
521
error
error
124u
error
error
424
error
error
-132
error
0
0
0
error
97
error
error
18446744073709551493u
error
0
1
0
0
0
0
error
error
error
error
error
error
error
error
error
error
error
error
error
error
error
error
error
error
error
error
error
error
error
error
error
error
error
error
error
error
0
error
0
error
error
error
error
error
error
error
error
error
error
error
error
error
error
error
error
error
error
error
error
error
error
521
error
error
124u
error
error
424
error
error
-132
error
0
0
0
error
97
error
error
18446744073709551493u
error
0
1
0
0
0
0
error
521
error
error
124u
error
error
424
error
error
-132
error
0
0
0
error
97
error
error
18446744073709551493u
error
0
1
0
0
0
0
521
error
521
error
error
error
error
error
error
error
error
error
error
error
error
error
error
error
error
error
error
error
error
error
error
error
error
error
error
error
521
error
521
error
error
error
error
error
error
error
error
error
0
error
0
error
error
error
error
error
error
error
error
error
error
error
error
error
error
error
521
error
521
error
error
error
error
error
error
error
error
error
error
error
error
error
error
error
error
error
error
error
error
error
error
error
error
error
error
error
521
error
521
error
error
error
error
error
error
error
error
error
error
error
error
error
error
error
error
0
error
error
397u
error
error
97
error
error
653
error
521
521
521
error
424
error
error
644u
error
error
520
error
521
521
521
error
error
error
error
error
error
error
error
error
error
error
error
error
error
error
521
error
521
error
error
error
error
error
error
error
error
error
error
error
error
error
error
error
error
error
error
1
error
1
error
error
error
error
error
error
521
error
521
error
error
error
error
error
error
error
-261
error
error
136u
error
error
-164
error
error
392
error
260
260
260
error
163
error
error
383u
error
521
259
521
260
260
260
error
0
error
error
397u
error
error
97
error
error
653
error
521
521
521
error
424
error
error
644u
error
error
520
error
521
521
521
124u
error
124u
error
error
error
error
error
error
error
error
error
error
error
error
error
error
error
error
error
error
error
error
error
error
error
error
error
error
error
124u
error
124u
error
error
error
error
error
error
error
error
error
0u
error
0u
error
error
error
error
error
error
error
error
error
error
error
error
error
error
error
124u
error
124u
error
error
error
error
error
error
error
error
error
error
error
error
error
error
error
error
error
error
error
error
error
error
error
error
error
error
error
124u
error
124u
error
error
error
error
error
error
error
error
error
error
error
error
error
error
error
error
18446744073709551219u
error
error
0u
error
error
18446744073709551316u
error
error
256u
error
124u
124u
124u
error
27u
error
error
247u
error
error
123u
error
124u
124u
124u
error
error
error
error
error
error
error
error
error
error
error
error
error
error
error
124u
error
124u
error
error
error
error
error
error
error
error
error
error
error
error
error
error
error
error
error
error
0u
error
0u
error
error
error
error
error
error
124u
error
124u
error
error
error
error
error
error
error
18446744073709551157u
error
error
18446744073709551554u
error
error
18446744073709551254u
error
error
194u
error
62u
62u
62u
error
18446744073709551581u
error
error
185u
error
124u
61u
124u
62u
62u
62u
error
18446744073709551219u
error
error
0u
error
error
18446744073709551316u
error
error
256u
error
124u
124u
124u
error
27u
error
error
247u
error
error
123u
error
124u
124u
124u
424
error
424
error
error
error
error
error
error
error
error
error
error
error
error
error
error
error
error
error
error
error
error
error
error
error
error
error
error
error
424
error
424
error
error
error
error
error
error
error
error
error
0
error
0
error
error
error
error
error
error
error
error
error
error
error
error
error
error
error
424
error
424
error
error
error
error
error
error
error
error
error
error
error
error
error
error
error
error
error
error
error
error
error
error
error
error
error
error
error
424
error
424
error
error
error
error
error
error
error
error
error
error
error
error
error
error
error
error
-97
error
error
300u
error
error
0
error
error
556
error
424
424
424
error
327
error
error
547u
error
error
423
error
424
424
424
error
error
error
error
error
error
error
error
error
error
error
error
error
error
error
424
error
424
error
error
error
error
error
error
error
error
error
error
error
error
error
error
error
error
error
error
0
error
0
error
error
error
error
error
error
424
error
424
error
error
error
error
error
error
error
-309
error
error
88u
error
error
-212
error
error
344
error
212
212
212
error
115
error
error
335u
error
424
211
424
212
212
212
error
-97
error
error
300u
error
error
0
error
error
556
error
424
424
424
error
327
error
error
547u
error
error
423
error
424
424
424
-132
error
-132
error
error
error
error
error
error
error
error
error
error
error
error
error
error
error
error
error
error
error
error
error
error
error
error
error
error
error
-132
error
-132
error
error
error
error
error
error
error
error
error
-1
error
-1
error
error
error
error
error
error
error
error
error
error
error
error
error
error
error
-132
error
-132
error
error
error
error
error
error
error
error
error
error
error
error
error
error
error
error
error
error
error
error
error
error
error
error
error
error
error
-132
error
-132
error
error
error
error
error
error
error
error
error
error
error
error
error
error
error
error
-653
error
error
18446744073709551360u
error
error
-556
error
error
0
error
-132
-132
-132
error
-229
error
error
18446744073709551607u
error
error
-133
error
-132
-132
-132
error
error
error
error
error
error
error
error
error
error
error
error
error
error
error
-132
error
-132
error
error
error
error
error
error
error
error
error
error
error
error
error
error
error
error
error
error
-1
error
-1
error
error
error
error
error
error
-132
error
-132
error
error
error
error
error
error
error
-587
error
error
18446744073709551426u
error
error
-490
error
error
66
error
-66
-66
-66
error
-163
error
error
57u
error
-132
-67
-132
-66
-66
-66
error
-653
error
error
18446744073709551360u
error
error
-556
error
error
0
error
-132
-132
-132
error
-229
error
error
18446744073709551607u
error
error
-133
error
-132
-132
-132
0
error
0
error
error
error
error
error
error
error
error
error
error
error
error
error
error
error
error
error
error
error
error
error
error
error
error
error
error
error
0
error
0
error
error
error
error
error
error
error
error
error
0
error
0
error
error
error
error
error
error
error
error
error
error
error
error
error
error
error
0
error
0
error
error
error
error
error
error
error
error
error
error
error
error
error
error
error
error
error
error
error
error
error
error
error
error
error
error
error
0
error
0
error
error
error
error
error
error
error
error
error
error
error
error
error
error
error
error
-521
error
error
18446744073709551492u
error
error
-424
error
error
132
error
0
0
0
error
-97
error
error
123u
error
error
-1
error
0
0
0
error
error
error
error
error
error
error
error
error
error
error
error
error
error
error
0
error
0
error
error
error
error
error
error
error
error
error
error
error
error
error
error
error
error
error
error
0
error
0
error
error
error
error
error
error
0
error
0
error
error
error
error
error
error
error
-521
error
error
18446744073709551492u
error
error
-424
error
error
132
error
0
0
0
error
-97
error
error
123u
error
0
-1
0
0
0
0
error
-521
error
error
18446744073709551492u
error
error
-424
error
error
132
error
0
0
0
error
-97
error
error
123u
error
error
-1
error
0
0
0
97
error
97
error
error
error
error
error
error
error
error
error
error
error
error
error
error
error
error
error
error
error
error
error
error
error
error
error
error
error
97
error
97
error
error
error
error
error
error
error
error
error
0
error
0
error
error
error
error
error
error
error
error
error
error
error
error
error
error
error
97
error
97
error
error
error
error
error
error
error
error
error
error
error
error
error
error
error
error
error
error
error
error
error
error
error
error
error
error
error
97
error
97
error
error
error
error
error
error
error
error
error
error
error
error
error
error
error
error
-424
error
error
18446744073709551589u
error
error
-327
error
error
229
error
97
97
97
error
0
error
error
220u
error
error
96
error
97
97
97
error
error
error
error
error
error
error
error
error
error
error
error
error
error
error
97
error
97
error
error
error
error
error
error
error
error
error
error
error
error
error
error
error
error
error
error
0
error
0
error
error
error
error
error
error
97
error
97
error
error
error
error
error
error
error
-473
error
error
18446744073709551540u
error
error
-376
error
error
180
error
48
48
48
error
-49
error
error
171u
error
97
47
97
48
48
48
error
-424
error
error
18446744073709551589u
error
error
-327
error
error
229
error
97
97
97
error
0
error
error
220u
error
error
96
error
97
97
97
18446744073709551493u
error
18446744073709551493u
error
error
error
error
error
error
error
error
error
error
error
error
error
error
error
error
error
error
error
error
error
error
error
error
error
error
error
18446744073709551493u
error
18446744073709551493u
error
error
error
error
error
error
error
error
error
137438953471u
error
137438953471u
error
error
error
error
error
error
error
error
error
error
error
error
error
error
error
18446744073709551493u
error
18446744073709551493u
error
error
error
error
error
error
error
error
error
error
error
error
error
error
error
error
error
error
error
error
error
error
error
error
error
error
error
18446744073709551493u
error
18446744073709551493u
error
error
error
error
error
error
error
error
error
error
error
error
error
error
error
error
18446744073709550972u
error
error
18446744073709551369u
error
error
18446744073709551069u
error
error
9u
error
18446744073709551493u
18446744073709551493u
18446744073709551493u
error
18446744073709551396u
error
error
0u
error
error
18446744073709551492u
error
18446744073709551493u
18446744073709551493u
18446744073709551493u
error
error
error
error
error
error
error
error
error
error
error
error
error
error
error
18446744073709551493u
error
18446744073709551493u
error
error
error
error
error
error
error
error
error
error
error
error
error
error
error
error
error
error
36028797018963967u
error
36028797018963967u
error
error
error
error
error
error
18446744073709551493u
error
18446744073709551493u
error
error
error
error
error
error
error
9223372036854775225u
error
error
9223372036854775622u
error
error
9223372036854775322u
error
error
9223372036854775878u
error
9223372036854775746u
9223372036854775746u
9223372036854775746u
error
9223372036854775649u
error
error
9223372036854775869u
error
18446744073709551493u
9223372036854775745u
18446744073709551493u
9223372036854775746u
9223372036854775746u
9223372036854775746u
error
18446744073709550972u
error
error
18446744073709551369u
error
error
18446744073709551069u
error
error
9u
error
18446744073709551493u
18446744073709551493u
18446744073709551493u
error
18446744073709551396u
error
error
0u
error
error
18446744073709551492u
error
18446744073709551493u
18446744073709551493u
18446744073709551493u
1
error
1
error
error
error
error
error
error
error
error
error
error
error
error
error
error
error
error
error
error
error
error
error
error
error
error
error
error
error
1
error
1
error
error
error
error
error
error
error
error
error
0
error
0
error
error
error
error
error
error
error
error
error
error
error
error
error
error
error
1
error
1
error
error
error
error
error
error
error
error
error
error
error
error
error
error
error
error
error
error
error
error
error
error
error
error
error
error
error
1
error
1
error
error
error
error
error
error
error
error
error
error
error
error
error
error
error
error
-520
error
error
18446744073709551493u
error
error
-423
error
error
133
error
1
1
1
error
-96
error
error
124u
error
error
0
error
1
1
1
error
error
error
error
error
error
error
error
error
error
error
error
error
error
error
1
error
1
error
error
error
error
error
error
error
error
error
error
error
error
error
error
error
error
error
error
0
error
0
error
error
error
error
error
error
1
error
1
error
error
error
error
error
error
error
-521
error
error
18446744073709551492u
error
error
-424
error
error
132
error
0
0
0
error
-97
error
error
123u
error
1
-1
1
0
0
0
error
-520
error
error
18446744073709551493u
error
error
-423
error
error
133
error
1
1
1
error
-96
error
error
124u
error
error
0
error
1
1
1
0
error
0
error
error
error
error
error
error
error
error
error
error
error
error
error
error
error
error
error
error
error
error
error
error
error
error
error
error
error
0
error
0
error
error
error
error
error
error
error
error
error
0
error
0
error
error
error
error
error
error
error
error
error
error
error
error
error
error
error
0
error
0
error
error
error
error
error
error
error
error
error
error
error
error
error
error
error
error
error
error
error
error
error
error
error
error
error
error
error
0
error
0
error
error
error
error
error
error
error
error
error
error
error
error
error
error
error
error
-521
error
error
18446744073709551492u
error
error
-424
error
error
132
error
0
0
0
error
-97
error
error
123u
error
error
-1
error
0
0
0
error
error
error
error
error
error
error
error
error
error
error
error
error
error
error
0
error
0
error
error
error
error
error
error
error
error
error
error
error
error
error
error
error
error
error
error
0
error
0
error
error
error
error
error
error
0
error
0
error
error
error
error
error
error
error
-521
error
error
18446744073709551492u
error
error
-424
error
error
132
error
0
0
0
error
-97
error
error
123u
error
0
-1
0
0
0
0
error
-521
error
error
18446744073709551492u
error
error
-424
error
error
132
error
0
0
0
error
-97
error
error
123u
error
error
-1
error
0
0
0
error
error
error
error
error
error
error
error
error
error
error
error
error
error
error
error
error
error
error
error
error
error
error
error
error
error
error
error
error
error
error
error
error
error
error
error
error
error
error
error
error
error
error
error
error
error
error
error
error
error
error
error
error
error
error
error
error
error
error
error
error
error
error
error
error
error
error
error
error
error
error
error
error
error
error
error
error
error
error
error
error
error
error
error
error
error
error
error
error
error
error
error
error
error
error
error
error
error
error
error
error
error
error
error
error
error
error
error
error
error
error
error
error
error
error
error
error
error
error
error
521
521
521
error
error
error
error
error
error
1042
1042
521
521
521
521
error
error
error
error
error
error
error
error
error
error
error
error
error
error
error
error
error
error
error
error
error
error
error
error
error
error
error
error
error
error
error
error
error
error
error
error
error
error
error
error
error
error
error
error
error
error
error
error
error
error
error
error
error
error
error
error
error
error
error
error
error
error
error
error
error
error
260
260
260
error
error
error
error
error
error
520
520
130
260
260
260
error
error
error
error
error
error
error
error
error
error
error
error
521
521
521
error
error
error
error
error
error
1042
1042
521
521
521
521
error
error
error
error
error
error
error
error
error
error
error
error
error
error
error
error
error
error
error
error
error
error
error
error
error
error
error
error
error
error
error
error
error
error
error
error
error
error
error
error
error
error
error
error
error
error
error
error
error
error
error
error
error
error
error
error
error
error
error
error
error
error
error
error
error
error
error
error
error
error
error
error
error
error
error
error
error
error
error
error
error
error
error
error
error
error
error
error
error
error
error
error
error
error
error
error
error
error
error
error
error
error
error
error
error
error
error
error
error
error
error
error
error
error
error
error
error
error
error
error
124u
124u
124u
error
error
error
error
error
error
248u
248u
124u
124u
124u
124u
error
error
error
error
error
error
error
error
error
error
error
error
error
error
error
error
error
error
error
error
error
error
error
error
error
error
error
error
error
error
error
error
error
error
error
error
error
error
error
error
error
error
error
error
error
error
error
error
error
error
error
error
error
error
error
error
error
error
error
error
error
error
error
error
error
error
62u
62u
62u
error
error
error
error
error
error
124u
124u
31u
62u
62u
62u
error
error
error
error
error
error
error
error
error
error
error
error
124u
124u
124u
error
error
error
error
error
error
248u
248u
124u
124u
124u
124u
error
error
error
error
error
error
error
error
error
error
error
error
error
error
error
error
error
error
error
error
error
error
error
error
error
error
error
error
error
error
error
error
error
error
error
error
error
error
error
error
error
error
error
error
error
error
error
error
error
error
error
error
error
error
error
error
error
error
error
error
error
error
error
error
error
error
error
error
error
error
error
error
error
error
error
error
error
error
error
error
error
error
error
error
error
error
error
error
error
error
error
error
error
error
error
error
error
error
error
error
error
error
error
error
error
error
error
error
error
error
error
error
error
error
error
error
error
error
error
error
424
424
424
error
error
error
error
error
error
848
848
424
424
424
424
error
error
error
error
error
error
error
error
error
error
error
error
error
error
error
error
error
error
error
error
error
error
error
error
error
error
error
error
error
error
error
error
error
error
error
error
error
error
error
error
error
error
error
error
error
error
error
error
error
error
error
error
error
error
error
error
error
error
error
error
error
error
error
error
error
error
212
212
212
error
error
error
error
error
error
424
424
106
212
212
212
error
error
error
error
error
error
error
error
error
error
error
error
424
424
424
error
error
error
error
error
error
848
848
424
424
424
424
error
error
error
error
error
error
error
error
error
error
error
error
error
error
error
error
error
error
error
error
error
error
error
error
error
error
error
error
error
error
error
error
error
error
error
error
error
error
error
error
error
error
error
error
error
error
error
error
error
error
error
error
error
error
error
error
error
error
error
error
error
error
error
error
error
error
error
error
error
error
error
error
error
error
error
error
error
error
error
error
error
error
error
error
error
error
error
error
error
error
error
error
error
error
error
error
error
error
error
error
error
error
error
error
error
error
error
error
error
error
error
error
error
error
error
error
error
error
error
error
-132
-132
-132
error
error
error
error
error
error
-264
-264
-132
-132
-132
-132
error
error
error
error
error
error
error
error
error
error
error
error
error
error
error
error
error
error
error
error
error
error
error
error
error
error
error
error
error
error
error
error
error
error
error
error
error
error
error
error
error
error
error
error
error
error
error
error
error
error
error
error
error
error
error
error
error
error
error
error
error
error
error
error
error
error
-66
-66
-66
error
error
error
error
error
error
-132
-132
-33
-66
-66
-66
error
error
error
error
error
error
error
error
error
error
error
error
-132
-132
-132
error
error
error
error
error
error
-264
-264
-132
-132
-132
-132
error
error
error
error
error
error
error
error
error
error
error
error
error
error
error
error
error
error
error
error
error
error
error
error
error
error
error
error
error
error
error
error
error
error
error
error
error
error
error
error
error
error
error
error
error
error
error
error
error
error
error
error
error
error
error
error
error
error
error
error
error
error
error
error
error
error
error
error
error
error
error
error
error
error
error
error
error
error
error
error
error
error
error
error
error
error
error
error
error
error
error
error
error
error
error
error
error
error
error
error
error
error
error
error
error
error
error
error
error
error
error
error
error
error
error
error
error
error
error
error
0
0
0
error
error
error
error
error
error
0
0
0
0
0
0
error
error
error
error
error
error
error
error
error
error
error
error
error
error
error
error
error
error
error
error
error
error
error
error
error
error
error
error
error
error
error
error
error
error
error
error
error
error
error
error
error
error
error
error
error
error
error
error
error
error
error
error
error
error
error
error
error
error
error
error
error
error
error
error
error
error
0
0
0
error
error
error
error
error
error
0
0
0
0
0
0
error
error
error
error
error
error
error
error
error
error
error
error
0
0
0
error
error
error
error
error
error
0
0
0
0
0
0
error
error
error
error
error
error
error
error
error
error
error
error
error
error
error
error
error
error
error
error
error
error
error
error
error
error
error
error
error
error
error
error
error
error
error
error
error
error
error
error
error
error
error
error
error
error
error
error
error
error
error
error
error
error
error
error
error
error
error
error
error
error
error
error
error
error
error
error
error
error
error
error
error
error
error
error
error
error
error
error
error
error
error
error
error
error
error
error
error
error
error
error
error
error
error
error
error
error
error
error
error
error
error
error
error
error
error
error
error
error
error
error
error
error
error
error
error
error
error
error
97
97
97
error
error
error
error
error
error
194
194
97
97
97
97
error
error
error
error
error
error
error
error
error
error
error
error
error
error
error
error
error
error
error
error
error
error
error
error
error
error
error
error
error
error
error
error
error
error
error
error
error
error
error
error
error
error
error
error
error
error
error
error
error
error
error
error
error
error
error
error
error
error
error
error
error
error
error
error
error
error
48
48
48
error
error
error
error
error
error
96
96
24
48
48
48
error
error
error
error
error
error
error
error
error
error
error
error
97
97
97
error
error
error
error
error
error
194
194
97
97
97
97
error
error
error
error
error
error
error
error
error
error
error
error
error
error
error
error
error
error
error
error
error
error
error
error
error
error
error
error
error
error
error
error
error
error
error
error
error
error
error
error
error
error
error
error
error
error
error
error
error
error
error
error
error
error
error
error
error
error
error
error
error
error
error
error
error
error
error
error
error
error
error
error
error
error
error
error
error
error
error
error
error
error
error
error
error
error
error
error
error
error
error
error
error
error
error
error
error
error
error
error
error
error
error
error
error
error
error
error
error
error
error
error
error
error
error
error
error
error
error
error
18446744073709551493u
18446744073709551493u
18446744073709551493u
error
error
error
error
error
error
18446744073709551370u
18446744073709551370u
18446744073709551493u
18446744073709551493u
18446744073709551493u
18446744073709551493u
error
error
error
error
error
error
error
error
error
error
error
error
error
error
error
error
error
error
error
error
error
error
error
error
error
error
error
error
error
error
error
error
error
error
error
error
error
error
error
error
error
error
error
error
error
error
error
error
error
error
error
error
error
error
error
error
error
error
error
error
error
error
error
error
error
error
9223372036854775746u
9223372036854775746u
9223372036854775746u
error
error
error
error
error
error
18446744073709551492u
18446744073709551492u
4611686018427387873u
9223372036854775746u
9223372036854775746u
9223372036854775746u
error
error
error
error
error
error
error
error
error
error
error
error
18446744073709551493u
18446744073709551493u
18446744073709551493u
error
error
error
error
error
error
18446744073709551370u
18446744073709551370u
18446744073709551493u
18446744073709551493u
18446744073709551493u
18446744073709551493u
error
error
error
error
error
error
error
error
error
error
error
error
error
error
error
error
error
error
error
error
error
error
error
error
error
error
error
error
error
error
error
error
error
error
error
error
error
error
error
error
error
error
error
error
error
error
error
error
error
error
error
error
error
error
error
error
error
error
error
error
error
error
error
error
error
error
error
error
error
error
error
error
error
error
error
error
error
error
error
error
error
error
error
error
error
error
error
error
error
error
error
error
error
error
error
error
error
error
error
error
error
error
error
error
error
error
error
error
error
error
error
error
error
error
error
error
error
error
error
error
1
1
1
error
error
error
error
error
error
2
2
1
1
1
1
error
error
error
error
error
error
error
error
error
error
error
error
error
error
error
error
error
error
error
error
error
error
error
error
error
error
error
error
error
error
error
error
error
error
error
error
error
error
error
error
error
error
error
error
error
error
error
error
error
error
error
error
error
error
error
error
error
error
error
error
error
error
error
error
error
error
0
0
0
error
error
error
error
error
error
0
0
0
0
0
0
error
error
error
error
error
error
error
error
error
error
error
error
1
1
1
error
error
error
error
error
error
2
2
1
1
1
1
error
error
error
error
error
error
error
error
error
error
error
error
error
error
error
error
error
error
error
error
error
error
error
error
error
error
error
error
error
error
error
error
error
error
error
error
error
error
error
error
error
error
error
error
error
error
error
error
error
error
error
error
error
error
error
error
error
error
error
error
error
error
error
error
error
error
error
error
error
error
error
error
error
error
error
error
error
error
error
error
error
error
error
error
error
error
error
error
error
error
error
error
error
error
error
error
error
error
error
error
error
error
error
error
error
error
error
error
error
error
error
error
error
error
error
error
error
error
error
error
0
0
0
error
error
error
error
error
error
0
0
0
0
0
0
error
error
error
error
error
error
error
error
error
error
error
error
error
error
error
error
error
error
error
error
error
error
error
error
error
error
error
error
error
error
error
error
error
error
error
error
error
error
error
error
error
error
error
error
error
error
error
error
error
error
error
error
error
error
error
error
error
error
error
error
error
error
error
error
error
error
0
0
0
error
error
error
error
error
error
0
0
0
0
0
0
error
error
error
error
error
error
error
error
error
error
error
error
0
0
0
error
error
error
error
error
error
0
0
0
0
0
0
error
error
error
error
error
error
error
error
error
error
error
error
error
error
error
error
error
error
error
error
error
error
error
error
error
error
error
error
error
error
error
error
error
error
error
error
error
error
error
error
error
error
error
error
error
error
error
error
eof
